Archive member included to satisfy reference by file (symbol)

../Lib\libstm_startup.a(clock.o)
                              (--whole-archive)
../Lib\libstm_startup.a(system_stm32f0xx.o)
                              (--whole-archive)
D:/UniversityofColoradoBoulder/Sem1/Embedded/Softwares/STM32CubeIDE_1.15.1/STM32CubeIDE/plugins/com.st.stm32cube.ide.mcu.externaltools.gnu-tools-for-stm32.12.3.rel1.win32_1.0.100.202403111256/tools/bin/../lib/gcc/arm-none-eabi/12.3.1/../../../../arm-none-eabi/lib/thumb/v6-m/nofp\libc_nano.a(libc_a-atoi.o)
                              ./Src/commands.o (atoi)
D:/UniversityofColoradoBoulder/Sem1/Embedded/Softwares/STM32CubeIDE_1.15.1/STM32CubeIDE/plugins/com.st.stm32cube.ide.mcu.externaltools.gnu-tools-for-stm32.12.3.rel1.win32_1.0.100.202403111256/tools/bin/../lib/gcc/arm-none-eabi/12.3.1/../../../../arm-none-eabi/lib/thumb/v6-m/nofp\libc_nano.a(libc_a-exit.o)
                              D:/UniversityofColoradoBoulder/Sem1/Embedded/Softwares/STM32CubeIDE_1.15.1/STM32CubeIDE/plugins/com.st.stm32cube.ide.mcu.externaltools.gnu-tools-for-stm32.12.3.rel1.win32_1.0.100.202403111256/tools/bin/../lib/gcc/arm-none-eabi/12.3.1/../../../../arm-none-eabi/lib/thumb/v6-m/nofp/crt0.o (exit)
D:/UniversityofColoradoBoulder/Sem1/Embedded/Softwares/STM32CubeIDE_1.15.1/STM32CubeIDE/plugins/com.st.stm32cube.ide.mcu.externaltools.gnu-tools-for-stm32.12.3.rel1.win32_1.0.100.202403111256/tools/bin/../lib/gcc/arm-none-eabi/12.3.1/../../../../arm-none-eabi/lib/thumb/v6-m/nofp\libc_nano.a(libc_a-malloc.o)
                              ./Src/commands.o (malloc)
D:/UniversityofColoradoBoulder/Sem1/Embedded/Softwares/STM32CubeIDE_1.15.1/STM32CubeIDE/plugins/com.st.stm32cube.ide.mcu.externaltools.gnu-tools-for-stm32.12.3.rel1.win32_1.0.100.202403111256/tools/bin/../lib/gcc/arm-none-eabi/12.3.1/../../../../arm-none-eabi/lib/thumb/v6-m/nofp\libc_nano.a(libc_a-mallocr.o)
                              D:/UniversityofColoradoBoulder/Sem1/Embedded/Softwares/STM32CubeIDE_1.15.1/STM32CubeIDE/plugins/com.st.stm32cube.ide.mcu.externaltools.gnu-tools-for-stm32.12.3.rel1.win32_1.0.100.202403111256/tools/bin/../lib/gcc/arm-none-eabi/12.3.1/../../../../arm-none-eabi/lib/thumb/v6-m/nofp\libc_nano.a(libc_a-malloc.o) (_malloc_r)
D:/UniversityofColoradoBoulder/Sem1/Embedded/Softwares/STM32CubeIDE_1.15.1/STM32CubeIDE/plugins/com.st.stm32cube.ide.mcu.externaltools.gnu-tools-for-stm32.12.3.rel1.win32_1.0.100.202403111256/tools/bin/../lib/gcc/arm-none-eabi/12.3.1/../../../../arm-none-eabi/lib/thumb/v6-m/nofp\libc_nano.a(libc_a-mlock.o)
                              D:/UniversityofColoradoBoulder/Sem1/Embedded/Softwares/STM32CubeIDE_1.15.1/STM32CubeIDE/plugins/com.st.stm32cube.ide.mcu.externaltools.gnu-tools-for-stm32.12.3.rel1.win32_1.0.100.202403111256/tools/bin/../lib/gcc/arm-none-eabi/12.3.1/../../../../arm-none-eabi/lib/thumb/v6-m/nofp\libc_nano.a(libc_a-mallocr.o) (__malloc_lock)
D:/UniversityofColoradoBoulder/Sem1/Embedded/Softwares/STM32CubeIDE_1.15.1/STM32CubeIDE/plugins/com.st.stm32cube.ide.mcu.externaltools.gnu-tools-for-stm32.12.3.rel1.win32_1.0.100.202403111256/tools/bin/../lib/gcc/arm-none-eabi/12.3.1/../../../../arm-none-eabi/lib/thumb/v6-m/nofp\libc_nano.a(libc_a-strtol.o)
                              D:/UniversityofColoradoBoulder/Sem1/Embedded/Softwares/STM32CubeIDE_1.15.1/STM32CubeIDE/plugins/com.st.stm32cube.ide.mcu.externaltools.gnu-tools-for-stm32.12.3.rel1.win32_1.0.100.202403111256/tools/bin/../lib/gcc/arm-none-eabi/12.3.1/../../../../arm-none-eabi/lib/thumb/v6-m/nofp\libc_nano.a(libc_a-atoi.o) (_strtol_r)
D:/UniversityofColoradoBoulder/Sem1/Embedded/Softwares/STM32CubeIDE_1.15.1/STM32CubeIDE/plugins/com.st.stm32cube.ide.mcu.externaltools.gnu-tools-for-stm32.12.3.rel1.win32_1.0.100.202403111256/tools/bin/../lib/gcc/arm-none-eabi/12.3.1/../../../../arm-none-eabi/lib/thumb/v6-m/nofp\libc_nano.a(libc_a-ctype_.o)
                              ./Src/functions.o (_ctype_)
D:/UniversityofColoradoBoulder/Sem1/Embedded/Softwares/STM32CubeIDE_1.15.1/STM32CubeIDE/plugins/com.st.stm32cube.ide.mcu.externaltools.gnu-tools-for-stm32.12.3.rel1.win32_1.0.100.202403111256/tools/bin/../lib/gcc/arm-none-eabi/12.3.1/../../../../arm-none-eabi/lib/thumb/v6-m/nofp\libc_nano.a(libc_a-findfp.o)
                              D:/UniversityofColoradoBoulder/Sem1/Embedded/Softwares/STM32CubeIDE_1.15.1/STM32CubeIDE/plugins/com.st.stm32cube.ide.mcu.externaltools.gnu-tools-for-stm32.12.3.rel1.win32_1.0.100.202403111256/tools/bin/../lib/gcc/arm-none-eabi/12.3.1/../../../../arm-none-eabi/lib/thumb/v6-m/nofp\libc_nano.a(libc_a-exit.o) (__stdio_exit_handler)
D:/UniversityofColoradoBoulder/Sem1/Embedded/Softwares/STM32CubeIDE_1.15.1/STM32CubeIDE/plugins/com.st.stm32cube.ide.mcu.externaltools.gnu-tools-for-stm32.12.3.rel1.win32_1.0.100.202403111256/tools/bin/../lib/gcc/arm-none-eabi/12.3.1/../../../../arm-none-eabi/lib/thumb/v6-m/nofp\libc_nano.a(libc_a-fwalk.o)
[...]
Memory Configuration

Name             Origin             Length             Attributes
RAM              0x20000000         0x00008000         xrw
FLASH            0x08000000         0x00040000         xr
*default*        0x00000000         0xffffffff

Linker script and memory map

LOAD D:/UniversityofColoradoBoulder/Sem1/Embedded/Softwares/STM32CubeIDE_1.15.1/STM32CubeIDE/plugins/com.st.stm32cube.ide.mcu.externaltools.gnu-tools-for-stm32.12.3.rel1.win32_1.0.100.202403111256/tools/bin/../lib/gcc/arm-none-eabi/12.3.1/thumb/v6-m/nofp/crti.o
LOAD D:/UniversityofColoradoBoulder/Sem1/Embedded/Softwares/STM32CubeIDE_1.15.1/STM32CubeIDE/plugins/com.st.stm32cube.ide.mcu.externaltools.gnu-tools-for-stm32.12.3.rel1.win32_1.0.100.202403111256/tools/bin/../lib/gcc/arm-none-eabi/12.3.1/thumb/v6-m/nofp/crtbegin.o
LOAD D:/UniversityofColoradoBoulder/Sem1/Embedded/Softwares/STM32CubeIDE_1.15.1/STM32CubeIDE/plugins/com.st.stm32cube.ide.mcu.externaltools.gnu-tools-for-stm32.12.3.rel1.win32_1.0.100.202403111256/tools/bin/../lib/gcc/arm-none-eabi/12.3.1/../../../../arm-none-eabi/lib/thumb/v6-m/nofp/crt0.o
LOAD ./Inc/webserver.o
LOAD ./Src/Eth.o
LOAD ./Src/arp.o
LOAD ./Src/cbfifo.o
LOAD ./Src/commands.o
LOAD ./Src/enc.o
LOAD ./Src/functions.o
LOAD ./Src/global.o
LOAD ./Src/icmp.o
LOAD ./Src/init_functions.o
LOAD ./Src/main.o
LOAD ./Src/obstacle.o
LOAD ./Src/spi.o
LOAD ./Src/syscalls.o
LOAD ./Src/sysmem.o
LOAD ./Src/tcp.o
LOAD ./Src/trial_webserve.o
LOAD ./Src/uart_functions.o
LOAD ./Src/udp.o
LOAD ./Startup/startup_stm32f091rctx.o
LOAD ../Lib\libstm_startup.a
START GROUP
LOAD D:/UniversityofColoradoBoulder/Sem1/Embedded/Softwares/STM32CubeIDE_1.15.1/STM32CubeIDE/plugins/com.st.stm32cube.ide.mcu.externaltools.gnu-tools-for-stm32.12.3.rel1.win32_1.0.100.202403111256/tools/bin/../lib/gcc/arm-none-eabi/12.3.1/../../../../arm-none-eabi/lib/thumb/v6-m/nofp\libc_nano.a
LOAD D:/UniversityofColoradoBoulder/Sem1/Embedded/Softwares/STM32CubeIDE_1.15.1/STM32CubeIDE/plugins/com.st.stm32cube.ide.mcu.externaltools.gnu-tools-for-stm32.12.3.rel1.win32_1.0.100.202403111256/tools/bin/../lib/gcc/arm-none-eabi/12.3.1/../../../../arm-none-eabi/lib/thumb/v6-m/nofp\libm.a
END GROUP
START GROUP
LOAD D:/UniversityofColoradoBoulder/Sem1/Embedded/Softwares/STM32CubeIDE_1.15.1/STM32CubeIDE/plugins/com.st.stm32cube.ide.mcu.externaltools.gnu-tools-for-stm32.12.3.rel1.win32_1.0.100.202403111256/tools/bin/../lib/gcc/arm-none-eabi/12.3.1/thumb/v6-m/nofp\libgcc.a
LOAD D:/UniversityofColoradoBoulder/Sem1/Embedded/Softwares/STM32CubeIDE_1.15.1/STM32CubeIDE/plugins/com.st.stm32cube.ide.mcu.externaltools.gnu-tools-for-stm32.12.3.rel1.win32_1.0.100.202403111256/tools/bin/../lib/gcc/arm-none-eabi/12.3.1/../../../../arm-none-eabi/lib/thumb/v6-m/nofp\libc_nano.a
END GROUP
START GROUP
LOAD D:/UniversityofColoradoBoulder/Sem1/Embedded/Softwares/STM32CubeIDE_1.15.1/STM32CubeIDE/plugins/com.st.stm32cube.ide.mcu.externaltools.gnu-tools-for-stm32.12.3.rel1.win32_1.0.100.202403111256/tools/bin/../lib/gcc/arm-none-eabi/12.3.1/thumb/v6-m/nofp\libgcc.a
LOAD D:/UniversityofColoradoBoulder/Sem1/Embedded/Softwares/STM32CubeIDE_1.15.1/STM32CubeIDE/plugins/com.st.stm32cube.ide.mcu.externaltools.gnu-tools-for-stm32.12.3.rel1.win32_1.0.100.202403111256/tools/bin/../lib/gcc/arm-none-eabi/12.3.1/../../../../arm-none-eabi/lib/thumb/v6-m/nofp\libc_nano.a
LOAD D:/UniversityofColoradoBoulder/Sem1/Embedded/Softwares/STM32CubeIDE_1.15.1/STM32CubeIDE/plugins/com.st.stm32cube.ide.mcu.externaltools.gnu-tools-for-stm32.12.3.rel1.win32_1.0.100.202403111256/tools/bin/../lib/gcc/arm-none-eabi/12.3.1/../../../../arm-none-eabi/lib/thumb/v6-m/nofp\libnosys.a
END GROUP
START GROUP
LOAD D:/UniversityofColoradoBoulder/Sem1/Embedded/Softwares/STM32CubeIDE_1.15.1/STM32CubeIDE/plugins/com.st.stm32cube.ide.mcu.externaltools.gnu-tools-for-stm32.12.3.rel1.win32_1.0.100.202403111256/tools/bin/../lib/gcc/arm-none-eabi/12.3.1/thumb/v6-m/nofp\libgcc.a
LOAD D:/UniversityofColoradoBoulder/Sem1/Embedded/Softwares/STM32CubeIDE_1.15.1/STM32CubeIDE/plugins/com.st.stm32cube.ide.mcu.externaltools.gnu-tools-for-stm32.12.3.rel1.win32_1.0.100.202403111256/tools/bin/../lib/gcc/arm-none-eabi/12.3.1/../../../../arm-none-eabi/lib/thumb/v6-m/nofp\libc_nano.a
LOAD D:/UniversityofColoradoBoulder/Sem1/Embedded/Softwares/STM32CubeIDE_1.15.1/STM32CubeIDE/plugins/com.st.stm32cube.ide.mcu.externaltools.gnu-tools-for-stm32.12.3.rel1.win32_1.0.100.202403111256/tools/bin/../lib/gcc/arm-none-eabi/12.3.1/../../../../arm-none-eabi/lib/thumb/v6-m/nofp\libnosys.a
END GROUP
LOAD D:/UniversityofColoradoBoulder/Sem1/Embedded/Softwares/STM32CubeIDE_1.15.1/STM32CubeIDE/plugins/com.st.stm32cube.ide.mcu.externaltools.gnu-tools-for-stm32.12.3.rel1.win32_1.0.100.202403111256/tools/bin/../lib/gcc/arm-none-eabi/12.3.1/thumb/v6-m/nofp/crtend.o
LOAD D:/UniversityofColoradoBoulder/Sem1/Embedded/Softwares/STM32CubeIDE_1.15.1/STM32CubeIDE/plugins/com.st.stm32cube.ide.mcu.externaltools.gnu-tools-for-stm32.12.3.rel1.win32_1.0.100.202403111256/tools/bin/../lib/gcc/arm-none-eabi/12.3.1/thumb/v6-m/nofp/crtn.o
                0x20008000                        _estack = (ORIGIN (RAM) + LENGTH (RAM))
                0x00000200                        _Min_Heap_Size = 0x200
                0x00000400                        _Min_Stack_Size = 0x400

.isr_vector     0x08000000       0xc0
                0x08000000                        . = ALIGN (0x4)
 *(.isr_vector)
 .isr_vector    0x08000000       0xc0 ./Startup/startup_stm32f091rctx.o
                0x08000000                g_pfnVectors
                0x080000c0                        . = ALIGN (0x4)

.text           0x080000c0     0x3d04
                0x080000c0                        . = ALIGN (0x4)
 *(.text)
 .text          0x080000c0       0x48 D:/UniversityofColoradoBoulder/Sem1/Embedded/Softwares/STM32CubeIDE_1.15.1/STM32CubeIDE/plugins/com.st.stm32cube.ide.mcu.externaltools.gnu-tools-for-stm32.12.3.rel1.win32_1.0.100.202403111256/tools/bin/../lib/gcc/arm-none-eabi/12.3.1/thumb/v6-m/nofp/crtbegin.o
 .text          0x08000108        0xe D:/UniversityofColoradoBoulder/Sem1/Embedded/Softwares/STM32CubeIDE_1.15.1/STM32CubeIDE/plugins/com.st.stm32cube.ide.mcu.externaltools.gnu-tools-for-stm32.12.3.rel1.win32_1.0.100.202403111256/tools/bin/../lib/gcc/arm-none-eabi/12.3.1/../../../../arm-none-eabi/lib/thumb/v6-m/nofp\libc_nano.a(libc_a-strlen.o)
                0x08000108                strlen
 *fill*         0x08000116        0x2 
 .text          0x08000118       0x14 D:/UniversityofColoradoBoulder/Sem1/Embedded/Softwares/STM32CubeIDE_1.15.1/STM32CubeIDE/plugins/com.st.stm32cube.ide.mcu.externaltools.gnu-tools-for-stm32.12.3.rel1.win32_1.0.100.202403111256/tools/bin/../lib/gcc/arm-none-eabi/12.3.1/thumb/v6-m/nofp\libgcc.a(_thumb1_case_shi.o)
                0x08000118                __gnu_thumb1_case_shi
 .text          0x0800012c      0x114 D:/UniversityofColoradoBoulder/Sem1/Embedded/Softwares/STM32CubeIDE_1.15.1/STM32CubeIDE/plugins/com.st.stm32cube.ide.mcu.externaltools.gnu-tools-for-stm32.12.3.rel1.win32_1.0.100.202403111256/tools/bin/../lib/gcc/arm-none-eabi/12.3.1/thumb/v6-m/nofp\libgcc.a(_udivsi3.o)
                0x0800012c                __aeabi_uidiv
                0x0800012c                __udivsi3
                0x08000238                __aeabi_uidivmod
 .text          0x08000240        0x4 D:/UniversityofColoradoBoulder/Sem1/Embedded/Softwares/STM32CubeIDE_1.15.1/STM32CubeIDE/plugins/com.st.stm32cube.ide.mcu.externaltools.gnu-tools-for-stm32.12.3.rel1.win32_1.0.100.202403111256/tools/bin/../lib/gcc/arm-none-eabi/12.3.1/thumb/v6-m/nofp\libgcc.a(_dvmd_tls.o)
                0x08000240                __aeabi_idiv0
                0x08000240                __aeabi_ldiv0
 *(.text*)
 .text.delay_ms
                0x08000244       0x3a ./Src/arp.o
                0x08000244                delay_ms
 .text.enc28j60_start_transmission
                0x0800027e       0x36 ./Src/arp.o
                0x0800027e                enc28j60_start_transmission
 .text.enc28j60_set_transmit_pointers
                0x080002b4       0x62 ./Src/arp.o
                0x080002b4                enc28j60_set_transmit_pointers
 .text.wait_for_transmission_complete
                0x08000316       0x5e ./Src/arp.o
                0x08000316                wait_for_transmission_complete
 .text.enc28j60_transmission_successful
                0x08000374       0x2a ./Src/arp.o
                0x08000374                enc28j60_transmission_successful
 .text.cbfifo_init
                0x0800039e       0x2e ./Src/cbfifo.o
                0x0800039e                cbfifo_init
 .text.cbfifo_enqueue
                0x080003cc       0x9e ./Src/cbfifo.o
                0x080003cc                cbfifo_enqueue
 .text.cbfifo_dequeue
                0x0800046a       0x90 ./Src/cbfifo.o
                0x0800046a                cbfifo_dequeue
 .text.cbfifo_length
                0x080004fa       0x20 ./Src/cbfifo.o
                0x080004fa                cbfifo_length
 *fill*         0x0800051a        0x2 
 .text.enc_set_autoinc
                0x0800051c       0x78 ./Src/enc.o
                0x0800051c                enc_set_autoinc
 .text.enc_select_reg_bank
                0x08000594       0xf4 ./Src/enc.o
                0x08000594                enc_select_reg_bank
 .text.enc_control_write
                0x08000688       0x78 ./Src/enc.o
                0x08000688                enc_control_write
 .text.enc_buffer_init
                0x08000700       0xf8 ./Src/enc.o
                0x08000700                enc_buffer_init
 .text.enc_buffer_write
                0x080007f8      0x120 ./Src/enc.o
                0x080007f8                enc_buffer_write
 .text.enc_buffer_read
                0x08000918      0x120 ./Src/enc.o
                0x08000918                enc_buffer_read
 .text.enc_mac_read
                0x08000a38       0x8c ./Src/enc.o
                0x08000a38                enc_mac_read
 .text.enc_phy_write
                0x08000ac4       0x60 ./Src/enc.o
                0x08000ac4                enc_phy_write
 .text.enc_eth_read
                0x08000b24       0x74 ./Src/enc.o
                0x08000b24                enc_eth_read
 .text.enc_reset
                0x08000b98       0x34 ./Src/enc.o
                0x08000b98                enc_reset
 .text.enc_init
                0x08000bcc      0x234 ./Src/enc.o
                0x08000bcc                enc_init
 .text.USART2_IRQHandler
                0x08000e00       0x90 ./Src/global.o
                0x08000e00                USART2_IRQHandler
 .text.SysTick_Handler
                0x08000e90       0x18 ./Src/global.o
                0x08000e90                SysTick_Handler
 .text.__NVIC_EnableIRQ
                0x08000ea8       0x34 ./Src/init_functions.o
 .text.__NVIC_SetPriority
                0x08000edc       0xdc ./Src/init_functions.o
 .text.uart_init
                0x08000fb8       0xc0 ./Src/init_functions.o
                0x08000fb8                uart_init
 .text.SysTick_Init
                0x08001078       0x30 ./Src/init_functions.o
                0x08001078                SysTick_Init
 .text.main     0x080010a8       0x4c ./Src/main.o
                0x080010a8                main
 .text.__NVIC_EnableIRQ
                0x080010f4       0x34 ./Src/obstacle.o
 .text.__NVIC_ClearPendingIRQ
                0x08001128       0x38 ./Src/obstacle.o
 .text.__NVIC_SetPriority
                0x08001160       0xdc ./Src/obstacle.o
 .text.EXTI4_15_IRQHandler
                0x0800123c       0x60 ./Src/obstacle.o
                0x0800123c                EXTI4_15_IRQHandler
 .text.Init_Interrupt
                0x0800129c       0xa0 ./Src/obstacle.o
                0x0800129c                Init_Interrupt
 .text.SPI_Init
                0x0800133c       0x8c ./Src/spi.o
                0x0800133c                SPI_Init
 .text.SPI_WriteByte
                0x080013c8       0xac ./Src/spi.o
                0x080013c8                SPI_WriteByte
 .text.SPI_ReadByte
                0x08001474       0x9c ./Src/spi.o
                0x08001474                SPI_ReadByte
 .text._read    0x08001510       0x3a ./Src/syscalls.o
                0x08001510                _read
 .text._write   0x0800154a       0x38 ./Src/syscalls.o
                0x0800154a                _write
 .text._close   0x08001582       0x14 ./Src/syscalls.o
                0x08001582                _close
 .text._fstat   0x08001596       0x1c ./Src/syscalls.o
                0x08001596                _fstat
 .text._isatty  0x080015b2       0x12 ./Src/syscalls.o
                0x080015b2                _isatty
 .text._lseek   0x080015c4       0x16 ./Src/syscalls.o
                0x080015c4                _lseek
 *fill*         0x080015da        0x2 
 .text._sbrk    0x080015dc       0x6c ./Src/sysmem.o
                0x080015dc                _sbrk
 .text.transmit_tcp_packet
                0x08001648       0xb8 ./Src/tcp.o
                0x08001648                transmit_tcp_packet
 .text.packetReceive
                0x08001700      0x174 ./Src/trial_webserve.o
                0x08001700                packetReceive
 .text.makeArpReply
                0x08001874       0xb0 ./Src/trial_webserve.o
                0x08001874                makeArpReply
 .text.calculateIPChecksum
                0x08001924       0xc4 ./Src/trial_webserve.o
                0x08001924                calculateIPChecksum
 .text.calculateTcpChecksum
                0x080019e8      0x18e ./Src/trial_webserve.o
                0x080019e8                calculateTcpChecksum
 *fill*         0x08001b76        0x2 
 .text.makeTcpFinPshAck
                0x08001b78      0x260 ./Src/trial_webserve.o
                0x08001b78                makeTcpFinPshAck
 .text.makeTcpAck3
                0x08001dd8      0x218 ./Src/trial_webserve.o
                0x08001dd8                makeTcpAck3
 .text.makeTcpAck2
                0x08001ff0      0x244 ./Src/trial_webserve.o
                0x08001ff0                makeTcpAck2
 .text.makeTcpSynAck
                0x08002234      0x1e0 ./Src/trial_webserve.o
                0x08002234                makeTcpSynAck
 .text.makeTcpAck
                0x08002414       0x44 ./Src/trial_webserve.o
                0x08002414                makeTcpAck
 .text.packetLoop
                0x08002458      0x188 ./Src/trial_webserve.o
                0x08002458                packetLoop
 .text.__io_getchar
                0x080025e0       0x30 ./Src/uart_functions.o
                0x080025e0                __io_getchar
 .text.__io_putchar
                0x08002610       0x50 ./Src/uart_functions.o
                0x08002610                __io_putchar
 .text.Reset_Handler
                0x08002660       0x54 ./Startup/startup_stm32f091rctx.o
                0x08002660                Reset_Handler
 .text.Default_Handler
                0x080026b4        0x2 ./Startup/startup_stm32f091rctx.o
                0x080026b4                DMA1_CH4_5_6_7_DMA2_CH3_4_5_IRQHandler
                0x080026b4                TIM1_CC_IRQHandler
                0x080026b4                TSC_IRQHandler
                0x080026b4                HardFault_Handler
                0x080026b4                PVD_IRQHandler
                0x080026b4                PendSV_Handler
                0x080026b4                NMI_Handler
                0x080026b4                I2C1_IRQHandler
                0x080026b4                RCC_CRS_IRQHandler
                0x080026b4                SPI1_IRQHandler
                0x080026b4                TIM6_DAC_IRQHandler
                0x080026b4                EXTI2_3_IRQHandler
                0x080026b4                I2C2_IRQHandler
                0x080026b4                TIM17_IRQHandler
                0x080026b4                CEC_CAN_IRQHandler
                0x080026b4                RTC_IRQHandler
                0x080026b4                TIM16_IRQHandler
                0x080026b4                TIM3_IRQHandler
                0x080026b4                Default_Handler
                0x080026b4                DMA1_CH2_3_DMA2_CH1_2_IRQHandler
                0x080026b4                TIM14_IRQHandler
                0x080026b4                TIM7_IRQHandler
                0x080026b4                TIM15_IRQHandler
                0x080026b4                EXTI0_1_IRQHandler
                0x080026b4                USB_IRQHandler
                0x080026b4                SPI2_IRQHandler
                0x080026b4                DMA1_CH1_IRQHandler
                0x080026b4                SVC_Handler
                0x080026b4                WWDG_IRQHandler
                0x080026b4                TIM2_IRQHandler
                0x080026b4                ADC_COMP_IRQHandler
                0x080026b4                USART3_4_5_6_7_8_IRQHandler
                0x080026b4                FLASH_IRQHandler
                0x080026b4                USART1_IRQHandler
                0x080026b4                TIM1_BRK_UP_TRG_COM_IRQHandler
 *fill*         0x080026b6        0x2 
 .text.Set_Clocks_To_48MHz
                0x080026b8       0x7c ../Lib\libstm_startup.a(clock.o)
                0x080026b8                Set_Clocks_To_48MHz
 .text.SystemInit
                0x08002734       0x8c ../Lib\libstm_startup.a(system_stm32f0xx.o)
                0x08002734                SystemInit
 .text.SystemCoreClockUpdate
                0x080027c0      0x120 ../Lib\libstm_startup.a(system_stm32f0xx.o)
                0x080027c0                SystemCoreClockUpdate
 .text.malloc   0x080028e0       0x14 D:/UniversityofColoradoBoulder/Sem1/Embedded/Softwares/STM32CubeIDE_1.15.1/STM32CubeIDE/plugins/com.st.stm32cube.ide.mcu.externaltools.gnu-tools-for-stm32.12.3.rel1.win32_1.0.100.202403111256/tools/bin/../lib/gcc/arm-none-eabi/12.3.1/../../../../arm-none-eabi/lib/thumb/v6-m/nofp\libc_nano.a(libc_a-malloc.o)
                0x080028e0                malloc
 .text.sbrk_aligned
                0x080028f4       0x44 D:/UniversityofColoradoBoulder/Sem1/Embedded/Softwares/STM32CubeIDE_1.15.1/STM32CubeIDE/plugins/com.st.stm32cube.ide.mcu.externaltools.gnu-tools-for-stm32.12.3.rel1.win32_1.0.100.202403111256/tools/bin/../lib/gcc/arm-none-eabi/12.3.1/../../../../arm-none-eabi/lib/thumb/v6-m/nofp\libc_nano.a(libc_a-mallocr.o)
 .text._malloc_r
                0x08002938      0x100 D:/UniversityofColoradoBoulder/Sem1/Embedded/Softwares/STM32CubeIDE_1.15.1/STM32CubeIDE/plugins/com.st.stm32cube.ide.mcu.externaltools.gnu-tools-for-stm32.12.3.rel1.win32_1.0.100.202403111256/tools/bin/../lib/gcc/arm-none-eabi/12.3.1/../../../../arm-none-eabi/lib/thumb/v6-m/nofp\libc_nano.a(libc_a-mallocr.o)
                0x08002938                _malloc_r
 .text.__malloc_lock
                0x08002a38       0x10 D:/UniversityofColoradoBoulder/Sem1/Embedded/Softwares/STM32CubeIDE_1.15.1/STM32CubeIDE/plugins/com.st.stm32cube.ide.mcu.externaltools.gnu-tools-for-stm32.12.3.rel1.win32_1.0.100.202403111256/tools/bin/../lib/gcc/arm-none-eabi/12.3.1/../../../../arm-none-eabi/lib/thumb/v6-m/nofp\libc_nano.a(libc_a-mlock.o)
                0x08002a38                __malloc_lock
 .text.__malloc_unlock
                0x08002a48       0x10 D:/UniversityofColoradoBoulder/Sem1/Embedded/Softwares/STM32CubeIDE_1.15.1/STM32CubeIDE/plugins/com.st.stm32cube.ide.mcu.externaltools.gnu-tools-for-stm32.12.3.rel1.win32_1.0.100.202403111256/tools/bin/../lib/gcc/arm-none-eabi/12.3.1/../../../../arm-none-eabi/lib/thumb/v6-m/nofp\libc_nano.a(libc_a-mlock.o)
                0x08002a48                __malloc_unlock
 .text.std      0x08002a58       0x6c D:/UniversityofColoradoBoulder/Sem1/Embedded/Softwares/STM32CubeIDE_1.15.1/STM32CubeIDE/plugins/com.st.stm32cube.ide.mcu.externaltools.gnu-tools-for-stm32.12.3.rel1.win32_1.0.100.202403111256/tools/bin/../lib/gcc/arm-none-eabi/12.3.1/../../../../arm-none-eabi/lib/thumb/v6-m/nofp\libc_nano.a(libc_a-findfp.o)
 .text.stdio_exit_handler
                0x08002ac4       0x1c D:/UniversityofColoradoBoulder/Sem1/Embedded/Softwares/STM32CubeIDE_1.15.1/STM32CubeIDE/plugins/com.st.stm32cube.ide.mcu.externaltools.gnu-tools-for-stm32.12.3.rel1.win32_1.0.100.202403111256/tools/bin/../lib/gcc/arm-none-eabi/12.3.1/../../../../arm-none-eabi/lib/thumb/v6-m/nofp\libc_nano.a(libc_a-findfp.o)
 .text.cleanup_stdio
                0x08002ae0       0x3c D:/UniversityofColoradoBoulder/Sem1/Embedded/Softwares/STM32CubeIDE_1.15.1/STM32CubeIDE/plugins/com.st.stm32cube.ide.mcu.externaltools.gnu-tools-for-stm32.12.3.rel1.win32_1.0.100.202403111256/tools/bin/../lib/gcc/arm-none-eabi/12.3.1/../../../../arm-none-eabi/lib/thumb/v6-m/nofp\libc_nano.a(libc_a-findfp.o)
 .text.global_stdio_init.part.0
                0x08002b1c       0x3c D:/UniversityofColoradoBoulder/Sem1/Embedded/Softwares/STM32CubeIDE_1.15.1/STM32CubeIDE/plugins/com.st.stm32cube.ide.mcu.externaltools.gnu-tools-for-stm32.12.3.rel1.win32_1.0.100.202403111256/tools/bin/../lib/gcc/arm-none-eabi/12.3.1/../../../../arm-none-eabi/lib/thumb/v6-m/nofp\libc_nano.a(libc_a-findfp.o)
 .text.__sfp_lock_acquire
                0x08002b58       0x10 D:/UniversityofColoradoBoulder/Sem1/Embedded/Softwares/STM32CubeIDE_1.15.1/STM32CubeIDE/plugins/com.st.stm32cube.ide.mcu.externaltools.gnu-tools-for-stm32.12.3.rel1.win32_1.0.100.202403111256/tools/bin/../lib/gcc/arm-none-eabi/12.3.1/../../../../arm-none-eabi/lib/thumb/v6-m/nofp\libc_nano.a(libc_a-findfp.o)
                0x08002b58                __sfp_lock_acquire
 .text.__sfp_lock_release
                0x08002b68       0x10 D:/UniversityofColoradoBoulder/Sem1/Embedded/Softwares/STM32CubeIDE_1.15.1/STM32CubeIDE/plugins/com.st.stm32cube.ide.mcu.externaltools.gnu-tools-for-stm32.12.3.rel1.win32_1.0.100.202403111256/tools/bin/../lib/gcc/arm-none-eabi/12.3.1/../../../../arm-none-eabi/lib/thumb/v6-m/nofp\libc_nano.a(libc_a-findfp.o)
                0x08002b68                __sfp_lock_release
 .text.__sinit  0x08002b78       0x30 D:/UniversityofColoradoBoulder/Sem1/Embedded/Softwares/STM32CubeIDE_1.15.1/STM32CubeIDE/plugins/com.st.stm32cube.ide.mcu.externaltools.gnu-tools-for-stm32.12.3.rel1.win32_1.0.100.202403111256/tools/bin/../lib/gcc/arm-none-eabi/12.3.1/../../../../arm-none-eabi/lib/thumb/v6-m/nofp\libc_nano.a(libc_a-findfp.o)
                0x08002b78                __sinit
 .text._fwalk_sglue
                0x08002ba8       0x38 D:/UniversityofColoradoBoulder/Sem1/Embedded/Softwares/STM32CubeIDE_1.15.1/STM32CubeIDE/plugins/com.st.stm32cube.ide.mcu.externaltools.gnu-tools-for-stm32.12.3.rel1.win32_1.0.100.202403111256/tools/bin/../lib/gcc/arm-none-eabi/12.3.1/../../../../arm-none-eabi/lib/thumb/v6-m/nofp\libc_nano.a(libc_a-fwalk.o)
                0x08002ba8                _fwalk_sglue
 .text.printf   0x08002be0       0x20 D:/UniversityofColoradoBoulder/Sem1/Embedded/Softwares/STM32CubeIDE_1.15.1/STM32CubeIDE/plugins/com.st.stm32cube.ide.mcu.externaltools.gnu-tools-for-stm32.12.3.rel1.win32_1.0.100.202403111256/tools/bin/../lib/gcc/arm-none-eabi/12.3.1/../../../../arm-none-eabi/lib/thumb/v6-m/nofp\libc_nano.a(libc_a-printf.o)
                0x08002be0                iprintf
                0x08002be0                printf
 .text._puts_r  0x08002c00       0xac D:/UniversityofColoradoBoulder/Sem1/Embedded/Softwares/STM32CubeIDE_1.15.1/STM32CubeIDE/plugins/com.st.stm32cube.ide.mcu.externaltools.gnu-tools-for-stm32.12.3.rel1.win32_1.0.100.202403111256/tools/bin/../lib/gcc/arm-none-eabi/12.3.1/../../../../arm-none-eabi/lib/thumb/v6-m/nofp\libc_nano.a(libc_a-puts.o)
                0x08002c00                _puts_r
 .text.puts     0x08002cac       0x14 D:/UniversityofColoradoBoulder/Sem1/Embedded/Softwares/STM32CubeIDE_1.15.1/STM32CubeIDE/plugins/com.st.stm32cube.ide.mcu.externaltools.gnu-tools-for-stm32.12.3.rel1.win32_1.0.100.202403111256/tools/bin/../lib/gcc/arm-none-eabi/12.3.1/../../../../arm-none-eabi/lib/thumb/v6-m/nofp\libc_nano.a(libc_a-puts.o)
                0x08002cac                puts
 .text.setvbuf  0x08002cc0      0x16c D:/UniversityofColoradoBoulder/Sem1/Embedded/Softwares/STM32CubeIDE_1.15.1/STM32CubeIDE/plugins/com.st.stm32cube.ide.mcu.externaltools.gnu-tools-for-stm32.12.3.rel1.win32_1.0.100.202403111256/tools/bin/../lib/gcc/arm-none-eabi/12.3.1/../../../../arm-none-eabi/lib/thumb/v6-m/nofp\libc_nano.a(libc_a-setvbuf.o)
                0x08002cc0                setvbuf
 .text.snprintf
                0x08002e2c       0x68 D:/UniversityofColoradoBoulder/Sem1/Embedded/Softwares/STM32CubeIDE_1.15.1/STM32CubeIDE/plugins/com.st.stm32cube.ide.mcu.externaltools.gnu-tools-for-stm32.12.3.rel1.win32_1.0.100.202403111256/tools/bin/../lib/gcc/arm-none-eabi/12.3.1/../../../../arm-none-eabi/lib/thumb/v6-m/nofp\libc_nano.a(libc_a-snprintf.o)
                0x08002e2c                sniprintf
                0x08002e2c                snprintf
 .text.__sread  0x08002e94       0x28 D:/UniversityofColoradoBoulder/Sem1/Embedded/Softwares/STM32CubeIDE_1.15.1/STM32CubeIDE/plugins/com.st.stm32cube.ide.mcu.externaltools.gnu-tools-for-stm32.12.3.rel1.win32_1.0.100.202403111256/tools/bin/../lib/gcc/arm-none-eabi/12.3.1/../../../../arm-none-eabi/lib/thumb/v6-m/nofp\libc_nano.a(libc_a-stdio.o)
                0x08002e94                __sread
 .text.__swrite
                0x08002ebc       0x38 D:/UniversityofColoradoBoulder/Sem1/Embedded/Softwares/STM32CubeIDE_1.15.1/STM32CubeIDE/plugins/com.st.stm32cube.ide.mcu.externaltools.gnu-tools-for-stm32.12.3.rel1.win32_1.0.100.202403111256/tools/bin/../lib/gcc/arm-none-eabi/12.3.1/../../../../arm-none-eabi/lib/thumb/v6-m/nofp\libc_nano.a(libc_a-stdio.o)
                0x08002ebc                __swrite
 .text.__sseek  0x08002ef4       0x2c D:/UniversityofColoradoBoulder/Sem1/Embedded/Softwares/STM32CubeIDE_1.15.1/STM32CubeIDE/plugins/com.st.stm32cube.ide.mcu.externaltools.gnu-tools-for-stm32.12.3.rel1.win32_1.0.100.202403111256/tools/bin/../lib/gcc/arm-none-eabi/12.3.1/../../../../arm-none-eabi/lib/thumb/v6-m/nofp\libc_nano.a(libc_a-stdio.o)
                0x08002ef4                __sseek
 .text.__sclose
                0x08002f20        0xc D:/UniversityofColoradoBoulder/Sem1/Embedded/Softwares/STM32CubeIDE_1.15.1/STM32CubeIDE/plugins/com.st.stm32cube.ide.mcu.externaltools.gnu-tools-for-stm32.12.3.rel1.win32_1.0.100.202403111256/tools/bin/../lib/gcc/arm-none-eabi/12.3.1/../../../../arm-none-eabi/lib/thumb/v6-m/nofp\libc_nano.a(libc_a-stdio.o)
                0x08002f20                __sclose
 .text.__swbuf_r
                0x08002f2c       0x84 D:/UniversityofColoradoBoulder/Sem1/Embedded/Softwares/STM32CubeIDE_1.15.1/STM32CubeIDE/plugins/com.st.stm32cube.ide.mcu.externaltools.gnu-tools-for-stm32.12.3.rel1.win32_1.0.100.202403111256/tools/bin/../lib/gcc/arm-none-eabi/12.3.1/../../../../arm-none-eabi/lib/thumb/v6-m/nofp\libc_nano.a(libc_a-wbuf.o)
                0x08002f2c                __swbuf_r
 .text.__swsetup_r
                0x08002fb0       0xbc D:/UniversityofColoradoBoulder/Sem1/Embedded/Softwares/STM32CubeIDE_1.15.1/STM32CubeIDE/plugins/com.st.stm32cube.ide.mcu.externaltools.gnu-tools-for-stm32.12.3.rel1.win32_1.0.100.202403111256/tools/bin/../lib/gcc/arm-none-eabi/12.3.1/../../../../arm-none-eabi/lib/thumb/v6-m/nofp\libc_nano.a(libc_a-wsetup.o)
                0x08002fb0                __swsetup_r
 .text.memmove  0x0800306c       0x26 D:/UniversityofColoradoBoulder/Sem1/Embedded/Softwares/STM32CubeIDE_1.15.1/STM32CubeIDE/plugins/com.st.stm32cube.ide.mcu.externaltools.gnu-tools-for-stm32.12.3.rel1.win32_1.0.100.202403111256/tools/bin/../lib/gcc/arm-none-eabi/12.3.1/../../../../arm-none-eabi/lib/thumb/v6-m/nofp\libc_nano.a(libc_a-memmove.o)
                0x0800306c                memmove
 .text.memset   0x08003092       0x10 D:/UniversityofColoradoBoulder/Sem1/Embedded/Softwares/STM32CubeIDE_1.15.1/STM32CubeIDE/plugins/com.st.stm32cube.ide.mcu.externaltools.gnu-tools-for-stm32.12.3.rel1.win32_1.0.100.202403111256/tools/bin/../lib/gcc/arm-none-eabi/12.3.1/../../../../arm-none-eabi/lib/thumb/v6-m/nofp\libc_nano.a(libc_a-memset.o)
                0x08003092                memset
 *fill*         0x080030a2        0x2 
 .text._close_r
                0x080030a4       0x24 D:/UniversityofColoradoBoulder/Sem1/Embedded/Softwares/STM32CubeIDE_1.15.1/STM32CubeIDE/plugins/com.st.stm32cube.ide.mcu.externaltools.gnu-tools-for-stm32.12.3.rel1.win32_1.0.100.202403111256/tools/bin/../lib/gcc/arm-none-eabi/12.3.1/../../../../arm-none-eabi/lib/thumb/v6-m/nofp\libc_nano.a(libc_a-closer.o)
                0x080030a4                _close_r
 .text._lseek_r
                0x080030c8       0x28 D:/UniversityofColoradoBoulder/Sem1/Embedded/Softwares/STM32CubeIDE_1.15.1/STM32CubeIDE/plugins/com.st.stm32cube.ide.mcu.externaltools.gnu-tools-for-stm32.12.3.rel1.win32_1.0.100.202403111256/tools/bin/../lib/gcc/arm-none-eabi/12.3.1/../../../../arm-none-eabi/lib/thumb/v6-m/nofp\libc_nano.a(libc_a-lseekr.o)
                0x080030c8                _lseek_r
 .text._read_r  0x080030f0       0x28 D:/UniversityofColoradoBoulder/Sem1/Embedded/Softwares/STM32CubeIDE_1.15.1/STM32CubeIDE/plugins/com.st.stm32cube.ide.mcu.externaltools.gnu-tools-for-stm32.12.3.rel1.win32_1.0.100.202403111256/tools/bin/../lib/gcc/arm-none-eabi/12.3.1/../../../../arm-none-eabi/lib/thumb/v6-m/nofp\libc_nano.a(libc_a-readr.o)
                0x080030f0                _read_r
 .text._sbrk_r  0x08003118       0x24 D:/UniversityofColoradoBoulder/Sem1/Embedded/Softwares/STM32CubeIDE_1.15.1/STM32CubeIDE/plugins/com.st.stm32cube.ide.mcu.externaltools.gnu-tools-for-stm32.12.3.rel1.win32_1.0.100.202403111256/tools/bin/../lib/gcc/arm-none-eabi/12.3.1/../../../../arm-none-eabi/lib/thumb/v6-m/nofp\libc_nano.a(libc_a-sbrkr.o)
                0x08003118                _sbrk_r
 .text._write_r
                0x0800313c       0x28 D:/UniversityofColoradoBoulder/Sem1/Embedded/Softwares/STM32CubeIDE_1.15.1/STM32CubeIDE/plugins/com.st.stm32cube.ide.mcu.externaltools.gnu-tools-for-stm32.12.3.rel1.win32_1.0.100.202403111256/tools/bin/../lib/gcc/arm-none-eabi/12.3.1/../../../../arm-none-eabi/lib/thumb/v6-m/nofp\libc_nano.a(libc_a-writer.o)
                0x0800313c                _write_r
 .text.__errno  0x08003164        0xc D:/UniversityofColoradoBoulder/Sem1/Embedded/Softwares/STM32CubeIDE_1.15.1/STM32CubeIDE/plugins/com.st.stm32cube.ide.mcu.externaltools.gnu-tools-for-stm32.12.3.rel1.win32_1.0.100.202403111256/tools/bin/../lib/gcc/arm-none-eabi/12.3.1/../../../../arm-none-eabi/lib/thumb/v6-m/nofp\libc_nano.a(libc_a-errno.o)
                0x08003164                __errno
 .text.__libc_init_array
                0x08003170       0x48 D:/UniversityofColoradoBoulder/Sem1/Embedded/Softwares/STM32CubeIDE_1.15.1/STM32CubeIDE/plugins/com.st.stm32cube.ide.mcu.externaltools.gnu-tools-for-stm32.12.3.rel1.win32_1.0.100.202403111256/tools/bin/../lib/gcc/arm-none-eabi/12.3.1/../../../../arm-none-eabi/lib/thumb/v6-m/nofp\libc_nano.a(libc_a-init.o)
                0x08003170                __libc_init_array
 .text.__retarget_lock_init_recursive
                0x080031b8        0x2 D:/UniversityofColoradoBoulder/Sem1/Embedded/Softwares/STM32CubeIDE_1.15.1/STM32CubeIDE/plugins/com.st.stm32cube.ide.mcu.externaltools.gnu-tools-for-stm32.12.3.rel1.win32_1.0.100.202403111256/tools/bin/../lib/gcc/arm-none-eabi/12.3.1/../../../../arm-none-eabi/lib/thumb/v6-m/nofp\libc_nano.a(libc_a-lock.o)
                0x080031b8                __retarget_lock_init_recursive
 .text.__retarget_lock_acquire_recursive
                0x080031ba        0x2 D:/UniversityofColoradoBoulder/Sem1/Embedded/Softwares/STM32CubeIDE_1.15.1/STM32CubeIDE/plugins/com.st.stm32cube.ide.mcu.externaltools.gnu-tools-for-stm32.12.3.rel1.win32_1.0.100.202403111256/tools/bin/../lib/gcc/arm-none-eabi/12.3.1/../../../../arm-none-eabi/lib/thumb/v6-m/nofp\libc_nano.a(libc_a-lock.o)
                0x080031ba                __retarget_lock_acquire_recursive
 .text.__retarget_lock_release_recursive
                0x080031bc        0x2 D:/UniversityofColoradoBoulder/Sem1/Embedded/Softwares/STM32CubeIDE_1.15.1/STM32CubeIDE/plugins/com.st.stm32cube.ide.mcu.externaltools.gnu-tools-for-stm32.12.3.rel1.win32_1.0.100.202403111256/tools/bin/../lib/gcc/arm-none-eabi/12.3.1/../../../../arm-none-eabi/lib/thumb/v6-m/nofp\libc_nano.a(libc_a-lock.o)
                0x080031bc                __retarget_lock_release_recursive
 .text.memcpy   0x080031be       0x12 D:/UniversityofColoradoBoulder/Sem1/Embedded/Softwares/STM32CubeIDE_1.15.1/STM32CubeIDE/plugins/com.st.stm32cube.ide.mcu.externaltools.gnu-tools-for-stm32.12.3.rel1.win32_1.0.100.202403111256/tools/bin/../lib/gcc/arm-none-eabi/12.3.1/../../../../arm-none-eabi/lib/thumb/v6-m/nofp\libc_nano.a(libc_a-memcpy-stub.o)
                0x080031be                memcpy
 .text._free_r  0x080031d0       0x94 D:/UniversityofColoradoBoulder/Sem1/Embedded/Softwares/STM32CubeIDE_1.15.1/STM32CubeIDE/plugins/com.st.stm32cube.ide.mcu.externaltools.gnu-tools-for-stm32.12.3.rel1.win32_1.0.100.202403111256/tools/bin/../lib/gcc/arm-none-eabi/12.3.1/../../../../arm-none-eabi/lib/thumb/v6-m/nofp\libc_nano.a(libc_a-freer.o)
                0x080031d0                _free_r
 .text.__ssputs_r
                0x08003264       0xc0 D:/UniversityofColoradoBoulder/Sem1/Embedded/Softwares/STM32CubeIDE_1.15.1/STM32CubeIDE/plugins/com.st.stm32cube.ide.mcu.externaltools.gnu-tools-for-stm32.12.3.rel1.win32_1.0.100.202403111256/tools/bin/../lib/gcc/arm-none-eabi/12.3.1/../../../../arm-none-eabi/lib/thumb/v6-m/nofp\libc_nano.a(libc_a-nano-svfprintf.o)
                0x08003264                __ssputs_r
 .text._svfprintf_r
                0x08003324      0x1fc D:/UniversityofColoradoBoulder/Sem1/Embedded/Softwares/STM32CubeIDE_1.15.1/STM32CubeIDE/plugins/com.st.stm32cube.ide.mcu.externaltools.gnu-tools-for-stm32.12.3.rel1.win32_1.0.100.202403111256/tools/bin/../lib/gcc/arm-none-eabi/12.3.1/../../../../arm-none-eabi/lib/thumb/v6-m/nofp\libc_nano.a(libc_a-nano-svfprintf.o)
                0x08003324                _svfiprintf_r
                0x08003324                _svfprintf_r
 .text.__sfputc_r
                0x08003520       0x2a D:/UniversityofColoradoBoulder/Sem1/Embedded/Softwares/STM32CubeIDE_1.15.1/STM32CubeIDE/plugins/com.st.stm32cube.ide.mcu.externaltools.gnu-tools-for-stm32.12.3.rel1.win32_1.0.100.202403111256/tools/bin/../lib/gcc/arm-none-eabi/12.3.1/../../../../arm-none-eabi/lib/thumb/v6-m/nofp\libc_nano.a(libc_a-nano-vfprintf.o)
 .text.__sfputs_r
                0x0800354a       0x24 D:/UniversityofColoradoBoulder/Sem1/Embedded/Softwares/STM32CubeIDE_1.15.1/STM32CubeIDE/plugins/com.st.stm32cube.ide.mcu.externaltools.gnu-tools-for-stm32.12.3.rel1.win32_1.0.100.202403111256/tools/bin/../lib/gcc/arm-none-eabi/12.3.1/../../../../arm-none-eabi/lib/thumb/v6-m/nofp\libc_nano.a(libc_a-nano-vfprintf.o)
                0x0800354a                __sfputs_r
 *fill*         0x0800356e        0x2 
 .text._vfprintf_r
                0x08003570      0x238 D:/UniversityofColoradoBoulder/Sem1/Embedded/Softwares/STM32CubeIDE_1.15.1/STM32CubeIDE/plugins/com.st.stm32cube.ide.mcu.externaltools.gnu-tools-for-stm32.12.3.rel1.win32_1.0.100.202403111256/tools/bin/../lib/gcc/arm-none-eabi/12.3.1/../../../../arm-none-eabi/lib/thumb/v6-m/nofp\libc_nano.a(libc_a-nano-vfprintf.o)
                0x08003570                _vfprintf_r
                0x08003570                _vfiprintf_r
 .text._printf_common
                0x080037a8       0xde D:/UniversityofColoradoBoulder/Sem1/Embedded/Softwares/STM32CubeIDE_1.15.1/STM32CubeIDE/plugins/com.st.stm32cube.ide.mcu.externaltools.gnu-tools-for-stm32.12.3.rel1.win32_1.0.100.202403111256/tools/bin/../lib/gcc/arm-none-eabi/12.3.1/../../../../arm-none-eabi/lib/thumb/v6-m/nofp\libc_nano.a(libc_a-nano-vfprintf_i.o)
                0x080037a8                _printf_common
 *fill*         0x08003886        0x2 
 .text._printf_i
                0x08003888      0x21c D:/UniversityofColoradoBoulder/Sem1/Embedded/Softwares/STM32CubeIDE_1.15.1/STM32CubeIDE/plugins/com.st.stm32cube.ide.mcu.externaltools.gnu-tools-for-stm32.12.3.rel1.win32_1.0.100.202403111256/tools/bin/../lib/gcc/arm-none-eabi/12.3.1/../../../../arm-none-eabi/lib/thumb/v6-m/nofp\libc_nano.a(libc_a-nano-vfprintf_i.o)
                0x08003888                _printf_i
 .text.__sflush_r
                0x08003aa4      0x10c D:/UniversityofColoradoBoulder/Sem1/Embedded/Softwares/STM32CubeIDE_1.15.1/STM32CubeIDE/plugins/com.st.stm32cube.ide.mcu.externaltools.gnu-tools-for-stm32.12.3.rel1.win32_1.0.100.202403111256/tools/bin/../lib/gcc/arm-none-eabi/12.3.1/../../../../arm-none-eabi/lib/thumb/v6-m/nofp\libc_nano.a(libc_a-fflush.o)
                0x08003aa4                __sflush_r
 .text._fflush_r
                0x08003bb0       0x56 D:/UniversityofColoradoBoulder/Sem1/Embedded/Softwares/STM32CubeIDE_1.15.1/STM32CubeIDE/plugins/com.st.stm32cube.ide.mcu.externaltools.gnu-tools-for-stm32.12.3.rel1.win32_1.0.100.202403111256/tools/bin/../lib/gcc/arm-none-eabi/12.3.1/../../../../arm-none-eabi/lib/thumb/v6-m/nofp\libc_nano.a(libc_a-fflush.o)
                0x08003bb0                _fflush_r
 *fill*         0x08003c06        0x2 
 .text.__swhatbuf_r
                0x08003c08       0x54 D:/UniversityofColoradoBoulder/Sem1/Embedded/Softwares/STM32CubeIDE_1.15.1/STM32CubeIDE/plugins/com.st.stm32cube.ide.mcu.externaltools.gnu-tools-for-stm32.12.3.rel1.win32_1.0.100.202403111256/tools/bin/../lib/gcc/arm-none-eabi/12.3.1/../../../../arm-none-eabi/lib/thumb/v6-m/nofp\libc_nano.a(libc_a-makebuf.o)
                0x08003c08                __swhatbuf_r
 .text.__smakebuf_r
                0x08003c5c       0x82 D:/UniversityofColoradoBoulder/Sem1/Embedded/Softwares/STM32CubeIDE_1.15.1/STM32CubeIDE/plugins/com.st.stm32cube.ide.mcu.externaltools.gnu-tools-for-stm32.12.3.rel1.win32_1.0.100.202403111256/tools/bin/../lib/gcc/arm-none-eabi/12.3.1/../../../../arm-none-eabi/lib/thumb/v6-m/nofp\libc_nano.a(libc_a-makebuf.o)
                0x08003c5c                __smakebuf_r
 *fill*         0x08003cde        0x2 
 .text._fstat_r
                0x08003ce0       0x24 D:/UniversityofColoradoBoulder/Sem1/Embedded/Softwares/STM32CubeIDE_1.15.1/STM32CubeIDE/plugins/com.st.stm32cube.ide.mcu.externaltools.gnu-tools-for-stm32.12.3.rel1.win32_1.0.100.202403111256/tools/bin/../lib/gcc/arm-none-eabi/12.3.1/../../../../arm-none-eabi/lib/thumb/v6-m/nofp\libc_nano.a(libc_a-fstatr.o)
                0x08003ce0                _fstat_r
 .text._isatty_r
                0x08003d04       0x24 D:/UniversityofColoradoBoulder/Sem1/Embedded/Softwares/STM32CubeIDE_1.15.1/STM32CubeIDE/plugins/com.st.stm32cube.ide.mcu.externaltools.gnu-tools-for-stm32.12.3.rel1.win32_1.0.100.202403111256/tools/bin/../lib/gcc/arm-none-eabi/12.3.1/../../../../arm-none-eabi/lib/thumb/v6-m/nofp\libc_nano.a(libc_a-isattyr.o)
                0x08003d04                _isatty_r
 .text.memchr   0x08003d28       0x16 D:/UniversityofColoradoBoulder/Sem1/Embedded/Softwares/STM32CubeIDE_1.15.1/STM32CubeIDE/plugins/com.st.stm32cube.ide.mcu.externaltools.gnu-tools-for-stm32.12.3.rel1.win32_1.0.100.202403111256/tools/bin/../lib/gcc/arm-none-eabi/12.3.1/../../../../arm-none-eabi/lib/thumb/v6-m/nofp\libc_nano.a(libc_a-memchr-stub.o)
                0x08003d28                memchr
 .text._realloc_r
                0x08003d3e       0x5e D:/UniversityofColoradoBoulder/Sem1/Embedded/Softwares/STM32CubeIDE_1.15.1/STM32CubeIDE/plugins/com.st.stm32cube.ide.mcu.externaltools.gnu-tools-for-stm32.12.3.rel1.win32_1.0.100.202403111256/tools/bin/../lib/gcc/arm-none-eabi/12.3.1/../../../../arm-none-eabi/lib/thumb/v6-m/nofp\libc_nano.a(libc_a-reallocr.o)
                0x08003d3e                _realloc_r
 .text._malloc_usable_size_r
                0x08003d9c       0x10 D:/UniversityofColoradoBoulder/Sem1/Embedded/Softwares/STM32CubeIDE_1.15.1/STM32CubeIDE/plugins/com.st.stm32cube.ide.mcu.externaltools.gnu-tools-for-stm32.12.3.rel1.win32_1.0.100.202403111256/tools/bin/../lib/gcc/arm-none-eabi/12.3.1/../../../../arm-none-eabi/lib/thumb/v6-m/nofp\libc_nano.a(libc_a-msizer.o)
                0x08003d9c                _malloc_usable_size_r
 *(.glue_7)
 .glue_7        0x08003dac        0x0 linker stubs
 *(.glue_7t)
 .glue_7t       0x08003dac        0x0 linker stubs
 *(.eh_frame)
 .eh_frame      0x08003dac        0x0 D:/UniversityofColoradoBoulder/Sem1/Embedded/Softwares/STM32CubeIDE_1.15.1/STM32CubeIDE/plugins/com.st.stm32cube.ide.mcu.externaltools.gnu-tools-for-stm32.12.3.rel1.win32_1.0.100.202403111256/tools/bin/../lib/gcc/arm-none-eabi/12.3.1/thumb/v6-m/nofp/crtbegin.o
 *(.init)
 .init          0x08003dac        0x4 D:/UniversityofColoradoBoulder/Sem1/Embedded/Softwares/STM32CubeIDE_1.15.1/STM32CubeIDE/plugins/com.st.stm32cube.ide.mcu.externaltools.gnu-tools-for-stm32.12.3.rel1.win32_1.0.100.202403111256/tools/bin/../lib/gcc/arm-none-eabi/12.3.1/thumb/v6-m/nofp/crti.o
                0x08003dac                _init
 .init          0x08003db0        0x8 D:/UniversityofColoradoBoulder/Sem1/Embedded/Softwares/STM32CubeIDE_1.15.1/STM32CubeIDE/plugins/com.st.stm32cube.ide.mcu.externaltools.gnu-tools-for-stm32.12.3.rel1.win32_1.0.100.202403111256/tools/bin/../lib/gcc/arm-none-eabi/12.3.1/thumb/v6-m/nofp/crtn.o
 *(.fini)
 .fini          0x08003db8        0x4 D:/UniversityofColoradoBoulder/Sem1/Embedded/Softwares/STM32CubeIDE_1.15.1/STM32CubeIDE/plugins/com.st.stm32cube.ide.mcu.externaltools.gnu-tools-for-stm32.12.3.rel1.win32_1.0.100.202403111256/tools/bin/../lib/gcc/arm-none-eabi/12.3.1/thumb/v6-m/nofp/crti.o
                0x08003db8                _fini
 .fini          0x08003dbc        0x8 D:/UniversityofColoradoBoulder/Sem1/Embedded/Softwares/STM32CubeIDE_1.15.1/STM32CubeIDE/plugins/com.st.stm32cube.ide.mcu.externaltools.gnu-tools-for-stm32.12.3.rel1.win32_1.0.100.202403111256/tools/bin/../lib/gcc/arm-none-eabi/12.3.1/thumb/v6-m/nofp/crtn.o
                0x08003dc4                        . = ALIGN (0x4)
                0x08003dc4                        _etext = .

.vfp11_veneer   0x08003dc4        0x0
 .vfp11_veneer  0x08003dc4        0x0 linker stubs

.v4_bx          0x08003dc4        0x0
 .v4_bx         0x08003dc4        0x0 linker stubs

.iplt           0x08003dc4        0x0
 .iplt          0x08003dc4        0x0 D:/UniversityofColoradoBoulder/Sem1/Embedded/Softwares/STM32CubeIDE_1.15.1/STM32CubeIDE/plugins/com.st.stm32cube.ide.mcu.externaltools.gnu-tools-for-stm32.12.3.rel1.win32_1.0.100.202403111256/tools/bin/../lib/gcc/arm-none-eabi/12.3.1/thumb/v6-m/nofp/crtbegin.o

.rodata         0x08003dc4      0xbb8
                0x08003dc4                        . = ALIGN (0x4)
 *(.rodata)
 .rodata        0x08003dc4      0x204 ./Src/enc.o
 .rodata        0x08003fc8       0x16 ./Src/main.o
 *fill*         0x08003fde        0x2 
 .rodata        0x08003fe0      0x26f ./Src/tcp.o
 *fill*         0x0800424f        0x1 
 .rodata        0x08004250      0x6cf ./Src/trial_webserve.o
 *(.rodata*)
 *fill*         0x0800491f        0x1 
 .rodata.packetLoop
                0x08004920       0x18 ./Src/trial_webserve.o
 .rodata.AHBPrescTable
                0x08004938       0x10 ../Lib\libstm_startup.a(system_stm32f0xx.o)
                0x08004938                AHBPrescTable
 .rodata._svfprintf_r.str1.1
                0x08004948       0x11 D:/UniversityofColoradoBoulder/Sem1/Embedded/Softwares/STM32CubeIDE_1.15.1/STM32CubeIDE/plugins/com.st.stm32cube.ide.mcu.externaltools.gnu-tools-for-stm32.12.3.rel1.win32_1.0.100.202403111256/tools/bin/../lib/gcc/arm-none-eabi/12.3.1/../../../../arm-none-eabi/lib/thumb/v6-m/nofp\libc_nano.a(libc_a-nano-svfprintf.o)
 .rodata._vfprintf_r.str1.1
                0x08004959       0x11 D:/UniversityofColoradoBoulder/Sem1/Embedded/Softwares/STM32CubeIDE_1.15.1/STM32CubeIDE/plugins/com.st.stm32cube.ide.mcu.externaltools.gnu-tools-for-stm32.12.3.rel1.win32_1.0.100.202403111256/tools/bin/../lib/gcc/arm-none-eabi/12.3.1/../../../../arm-none-eabi/lib/thumb/v6-m/nofp\libc_nano.a(libc_a-nano-vfprintf.o)
 .rodata._printf_i.str1.1
                0x08004959       0x22 D:/UniversityofColoradoBoulder/Sem1/Embedded/Softwares/STM32CubeIDE_1.15.1/STM32CubeIDE/plugins/com.st.stm32cube.ide.mcu.externaltools.gnu-tools-for-stm32.12.3.rel1.win32_1.0.100.202403111256/tools/bin/../lib/gcc/arm-none-eabi/12.3.1/../../../../arm-none-eabi/lib/thumb/v6-m/nofp\libc_nano.a(libc_a-nano-vfprintf_i.o)
                0x0800497c                        . = ALIGN (0x4)
 *fill*         0x0800497b        0x1 

.ARM.extab      0x0800497c        0x0
                0x0800497c                        . = ALIGN (0x4)
 *(.ARM.extab* .gnu.linkonce.armextab.*)
                0x0800497c                        . = ALIGN (0x4)

.ARM            0x0800497c        0x0
                0x0800497c                        . = ALIGN (0x4)
                0x0800497c                        __exidx_start = .
 *(.ARM.exidx*)
                0x0800497c                        __exidx_end = .
                0x0800497c                        . = ALIGN (0x4)

.preinit_array  0x0800497c        0x0
                0x0800497c                        . = ALIGN (0x4)
                0x0800497c                        PROVIDE (__preinit_array_start = .)
 *(.preinit_array*)
                0x0800497c                        PROVIDE (__preinit_array_end = .)
                0x0800497c                        . = ALIGN (0x4)

.init_array     0x0800497c        0x4
                0x0800497c                        . = ALIGN (0x4)
                0x0800497c                        PROVIDE (__init_array_start = .)
 *(SORT_BY_NAME(.init_array.*))
 *(.init_array*)
 .init_array    0x0800497c        0x4 D:/UniversityofColoradoBoulder/Sem1/Embedded/Softwares/STM32CubeIDE_1.15.1/STM32CubeIDE/plugins/com.st.stm32cube.ide.mcu.externaltools.gnu-tools-for-stm32.12.3.rel1.win32_1.0.100.202403111256/tools/bin/../lib/gcc/arm-none-eabi/12.3.1/thumb/v6-m/nofp/crtbegin.o
                0x08004980                        PROVIDE (__init_array_end = .)
                0x08004980                        . = ALIGN (0x4)

.fini_array     0x08004980        0x4
                0x08004980                        . = ALIGN (0x4)
                [!provide]                        PROVIDE (__fini_array_start = .)
 *(SORT_BY_NAME(.fini_array.*))
 *(.fini_array*)
 .fini_array    0x08004980        0x4 D:/UniversityofColoradoBoulder/Sem1/Embedded/Softwares/STM32CubeIDE_1.15.1/STM32CubeIDE/plugins/com.st.stm32cube.ide.mcu.externaltools.gnu-tools-for-stm32.12.3.rel1.win32_1.0.100.202403111256/tools/bin/../lib/gcc/arm-none-eabi/12.3.1/thumb/v6-m/nofp/crtbegin.o
                [!provide]                        PROVIDE (__fini_array_end = .)
                0x08004984                        . = ALIGN (0x4)
                0x08004984                        _sidata = LOADADDR (.data)

.rel.dyn        0x08004984        0x0
 .rel.iplt      0x08004984        0x0 D:/UniversityofColoradoBoulder/Sem1/Embedded/Softwares/STM32CubeIDE_1.15.1/STM32CubeIDE/plugins/com.st.stm32cube.ide.mcu.externaltools.gnu-tools-for-stm32.12.3.rel1.win32_1.0.100.202403111256/tools/bin/../lib/gcc/arm-none-eabi/12.3.1/thumb/v6-m/nofp/crtbegin.o

.data           0x20000000       0x6c load address 0x08004984
                0x20000000                        . = ALIGN (0x4)
                0x20000000                        _sdata = .
 *(.data)
 *(.data*)
 .data.device_mac
                0x20000000        0x6 ./Src/main.o
                0x20000000                device_mac
 *fill*         0x20000006        0x2 
 .data.device_ip
                0x20000008        0x4 ./Src/main.o
                0x20000008                device_ip
 .data.SystemCoreClock
                0x2000000c        0x4 ../Lib\libstm_startup.a(system_stm32f0xx.o)
                0x2000000c                SystemCoreClock
 .data.__sglue  0x20000010        0xc D:/UniversityofColoradoBoulder/Sem1/Embedded/Softwares/STM32CubeIDE_1.15.1/STM32CubeIDE/plugins/com.st.stm32cube.ide.mcu.externaltools.gnu-tools-for-stm32.12.3.rel1.win32_1.0.100.202403111256/tools/bin/../lib/gcc/arm-none-eabi/12.3.1/../../../../arm-none-eabi/lib/thumb/v6-m/nofp\libc_nano.a(libc_a-findfp.o)
                0x20000010                __sglue
 .data._impure_ptr
                0x2000001c        0x4 D:/UniversityofColoradoBoulder/Sem1/Embedded/Softwares/STM32CubeIDE_1.15.1/STM32CubeIDE/plugins/com.st.stm32cube.ide.mcu.externaltools.gnu-tools-for-stm32.12.3.rel1.win32_1.0.100.202403111256/tools/bin/../lib/gcc/arm-none-eabi/12.3.1/../../../../arm-none-eabi/lib/thumb/v6-m/nofp\libc_nano.a(libc_a-impure.o)
                0x2000001c                _impure_ptr
 .data._impure_data
                0x20000020       0x4c D:/UniversityofColoradoBoulder/Sem1/Embedded/Softwares/STM32CubeIDE_1.15.1/STM32CubeIDE/plugins/com.st.stm32cube.ide.mcu.externaltools.gnu-tools-for-stm32.12.3.rel1.win32_1.0.100.202403111256/tools/bin/../lib/gcc/arm-none-eabi/12.3.1/../../../../arm-none-eabi/lib/thumb/v6-m/nofp\libc_nano.a(libc_a-impure.o)
                0x20000020                _impure_data
 *(.RamFunc)
 *(.RamFunc*)
                0x2000006c                        . = ALIGN (0x4)
                0x2000006c                        _edata = .

.igot.plt       0x2000006c        0x0 load address 0x080049f0
 .igot.plt      0x2000006c        0x0 D:/UniversityofColoradoBoulder/Sem1/Embedded/Softwares/STM32CubeIDE_1.15.1/STM32CubeIDE/plugins/com.st.stm32cube.ide.mcu.externaltools.gnu-tools-for-stm32.12.3.rel1.win32_1.0.100.202403111256/tools/bin/../lib/gcc/arm-none-eabi/12.3.1/thumb/v6-m/nofp/crtbegin.o
                0x2000006c                        . = ALIGN (0x4)

.bss            0x2000006c      0x878 load address 0x080049f0
                0x2000006c                        _sbss = .
                0x2000006c                        __bss_start__ = _sbss
 *(.bss)
 .bss           0x2000006c       0x1c D:/UniversityofColoradoBoulder/Sem1/Embedded/Softwares/STM32CubeIDE_1.15.1/STM32CubeIDE/plugins/com.st.stm32cube.ide.mcu.externaltools.gnu-tools-for-stm32.12.3.rel1.win32_1.0.100.202403111256/tools/bin/../lib/gcc/arm-none-eabi/12.3.1/thumb/v6-m/nofp/crtbegin.o
 *(.bss*)
 .bss.tick_counter
                0x20000088        0x4 ./Src/global.o
                0x20000088                tick_counter
 .bss.fifotx    0x2000008c       0x8c ./Src/main.o
                0x2000008c                fifotx
 .bss.fiforx    0x20000118       0x8c ./Src/main.o
                0x20000118                fiforx
 .bss.obs_cnt   0x200001a4        0x4 ./Src/obstacle.o
                0x200001a4                obs_cnt
 .bss.__sbrk_heap_end
                0x200001a8        0x4 ./Src/sysmem.o
 .bss.buffer    0x200001ac      0x5dc ./Src/trial_webserve.o
                0x200001ac                buffer
 .bss.prevSeq   0x20000788        0x4 ./Src/trial_webserve.o
                0x20000788                prevSeq
 .bss.prevAck   0x2000078c        0x4 ./Src/trial_webserve.o
                0x2000078c                prevAck
 .bss.obstacleDetected
                0x20000790        0x1 ./Src/trial_webserve.o
                0x20000790                obstacleDetected
 .bss.connectionState
                0x20000791        0x1 ./Src/trial_webserve.o
                0x20000791                connectionState
 .bss.unreleasedPacket.2
                0x20000792        0x1 ./Src/trial_webserve.o
 *fill*         0x20000793        0x1 
 .bss.gNextPacketPtr.1
                0x20000794        0x2 ./Src/trial_webserve.o
 *fill*         0x20000796        0x2 
 .bss.__malloc_sbrk_start
                0x20000798        0x4 D:/UniversityofColoradoBoulder/Sem1/Embedded/Softwares/STM32CubeIDE_1.15.1/STM32CubeIDE/plugins/com.st.stm32cube.ide.mcu.externaltools.gnu-tools-for-stm32.12.3.rel1.win32_1.0.100.202403111256/tools/bin/../lib/gcc/arm-none-eabi/12.3.1/../../../../arm-none-eabi/lib/thumb/v6-m/nofp\libc_nano.a(libc_a-mallocr.o)
                0x20000798                __malloc_sbrk_start
 .bss.__malloc_free_list
                0x2000079c        0x4 D:/UniversityofColoradoBoulder/Sem1/Embedded/Softwares/STM32CubeIDE_1.15.1/STM32CubeIDE/plugins/com.st.stm32cube.ide.mcu.externaltools.gnu-tools-for-stm32.12.3.rel1.win32_1.0.100.202403111256/tools/bin/../lib/gcc/arm-none-eabi/12.3.1/../../../../arm-none-eabi/lib/thumb/v6-m/nofp\libc_nano.a(libc_a-mallocr.o)
                0x2000079c                __malloc_free_list
 .bss.__sf      0x200007a0      0x138 D:/UniversityofColoradoBoulder/Sem1/Embedded/Softwares/STM32CubeIDE_1.15.1/STM32CubeIDE/plugins/com.st.stm32cube.ide.mcu.externaltools.gnu-tools-for-stm32.12.3.rel1.win32_1.0.100.202403111256/tools/bin/../lib/gcc/arm-none-eabi/12.3.1/../../../../arm-none-eabi/lib/thumb/v6-m/nofp\libc_nano.a(libc_a-findfp.o)
                0x200007a0                __sf
 .bss.__stdio_exit_handler
                0x200008d8        0x4 D:/UniversityofColoradoBoulder/Sem1/Embedded/Softwares/STM32CubeIDE_1.15.1/STM32CubeIDE/plugins/com.st.stm32cube.ide.mcu.externaltools.gnu-tools-for-stm32.12.3.rel1.win32_1.0.100.202403111256/tools/bin/../lib/gcc/arm-none-eabi/12.3.1/../../../../arm-none-eabi/lib/thumb/v6-m/nofp\libc_nano.a(libc_a-findfp.o)
                0x200008d8                __stdio_exit_handler
 .bss.errno     0x200008dc        0x4 D:/UniversityofColoradoBoulder/Sem1/Embedded/Softwares/STM32CubeIDE_1.15.1/STM32CubeIDE/plugins/com.st.stm32cube.ide.mcu.externaltools.gnu-tools-for-stm32.12.3.rel1.win32_1.0.100.202403111256/tools/bin/../lib/gcc/arm-none-eabi/12.3.1/../../../../arm-none-eabi/lib/thumb/v6-m/nofp\libc_nano.a(libc_a-reent.o)
                0x200008dc                errno
 .bss.__lock___malloc_recursive_mutex
                0x200008e0        0x1 D:/UniversityofColoradoBoulder/Sem1/Embedded/Softwares/STM32CubeIDE_1.15.1/STM32CubeIDE/plugins/com.st.stm32cube.ide.mcu.externaltools.gnu-tools-for-stm32.12.3.rel1.win32_1.0.100.202403111256/tools/bin/../lib/gcc/arm-none-eabi/12.3.1/../../../../arm-none-eabi/lib/thumb/v6-m/nofp\libc_nano.a(libc_a-lock.o)
                0x200008e0                __lock___malloc_recursive_mutex
 .bss.__lock___sfp_recursive_mutex
                0x200008e1        0x1 D:/UniversityofColoradoBoulder/Sem1/Embedded/Softwares/STM32CubeIDE_1.15.1/STM32CubeIDE/plugins/com.st.stm32cube.ide.mcu.externaltools.gnu-tools-for-stm32.12.3.rel1.win32_1.0.100.202403111256/tools/bin/../lib/gcc/arm-none-eabi/12.3.1/../../../../arm-none-eabi/lib/thumb/v6-m/nofp\libc_nano.a(libc_a-lock.o)
                0x200008e1                __lock___sfp_recursive_mutex
 *(COMMON)
                0x200008e4                        . = ALIGN (0x4)
 *fill*         0x200008e2        0x2 
                0x200008e4                        _ebss = .
                0x200008e4                        __bss_end__ = _ebss

._user_heap_stack
                0x200008e4      0x604 load address 0x080049f0
                0x200008e8                        . = ALIGN (0x8)
 *fill*         0x200008e4        0x4 
                [!provide]                        PROVIDE (end = .)
                0x200008e8                        PROVIDE (_end = .)
                0x20000ae8                        . = (. + _Min_Heap_Size)
 *fill*         0x200008e8      0x200 
                0x20000ee8                        . = (. + _Min_Stack_Size)
 *fill*         0x20000ae8      0x400 
                0x20000ee8                        . = ALIGN (0x8)

/DISCARD/
 libc.a(*)
 libm.a(*)
 libgcc.a(*)

.ARM.attributes
                0x00000000       0x28
 *(.ARM.attributes)
 .ARM.attributes
                0x00000000       0x1e D:/UniversityofColoradoBoulder/Sem1/Embedded/Softwares/STM32CubeIDE_1.15.1/STM32CubeIDE/plugins/com.st.stm32cube.ide.mcu.externaltools.gnu-tools-for-stm32.12.3.rel1.win32_1.0.100.202403111256/tools/bin/../lib/gcc/arm-none-eabi/12.3.1/thumb/v6-m/nofp/crti.o
 .ARM.attributes
                0x0000001e       0x2c D:/UniversityofColoradoBoulder/Sem1/Embedded/Softwares/STM32CubeIDE_1.15.1/STM32CubeIDE/plugins/com.st.stm32cube.ide.mcu.externaltools.gnu-tools-for-stm32.12.3.rel1.win32_1.0.100.202403111256/tools/bin/../lib/gcc/arm-none-eabi/12.3.1/thumb/v6-m/nofp/crtbegin.o
 .ARM.attributes
                0x0000004a       0x2c ./Src/arp.o
 .ARM.attributes
                0x00000076       0x2c ./Src/cbfifo.o
 .ARM.attributes
                0x000000a2       0x2c ./Src/enc.o
 .ARM.attributes
                0x000000ce       0x2c ./Src/global.o
 .ARM.attributes
                0x000000fa       0x2c ./Src/init_functions.o
 .ARM.attributes
                0x00000126       0x2c ./Src/main.o
 .ARM.attributes
                0x00000152       0x2c ./Src/obstacle.o
 .ARM.attributes
                0x0000017e       0x2c ./Src/spi.o
 .ARM.attributes
                0x000001aa       0x2c ./Src/syscalls.o
 .ARM.attributes
                0x000001d6       0x2c ./Src/sysmem.o
 .ARM.attributes
                0x00000202       0x2c ./Src/tcp.o
 .ARM.attributes
                0x0000022e       0x2c ./Src/trial_webserve.o
 .ARM.attributes
                0x0000025a       0x2c ./Src/uart_functions.o
 .ARM.attributes
                0x00000286       0x21 ./Startup/startup_stm32f091rctx.o
 .ARM.attributes
                0x000002a7       0x2c ../Lib\libstm_startup.a(clock.o)
 .ARM.attributes
                0x000002d3       0x2c ../Lib\libstm_startup.a(system_stm32f0xx.o)
 .ARM.attributes
                0x000002ff       0x2c D:/UniversityofColoradoBoulder/Sem1/Embedded/Softwares/STM32CubeIDE_1.15.1/STM32CubeIDE/plugins/com.st.stm32cube.ide.mcu.externaltools.gnu-tools-for-stm32.12.3.rel1.win32_1.0.100.202403111256/tools/bin/../lib/gcc/arm-none-eabi/12.3.1/../../../../arm-none-eabi/lib/thumb/v6-m/nofp\libc_nano.a(libc_a-malloc.o)
 .ARM.attributes
                0x0000032b       0x2c D:/UniversityofColoradoBoulder/Sem1/Embedded/Softwares/STM32CubeIDE_1.15.1/STM32CubeIDE/plugins/com.st.stm32cube.ide.mcu.externaltools.gnu-tools-for-stm32.12.3.rel1.win32_1.0.100.202403111256/tools/bin/../lib/gcc/arm-none-eabi/12.3.1/../../../../arm-none-eabi/lib/thumb/v6-m/nofp\libc_nano.a(libc_a-mallocr.o)
 .ARM.attributes
                0x00000357       0x2c D:/UniversityofColoradoBoulder/Sem1/Embedded/Softwares/STM32CubeIDE_1.15.1/STM32CubeIDE/plugins/com.st.stm32cube.ide.mcu.externaltools.gnu-tools-for-stm32.12.3.rel1.win32_1.0.100.202403111256/tools/bin/../lib/gcc/arm-none-eabi/12.3.1/../../../../arm-none-eabi/lib/thumb/v6-m/nofp\libc_nano.a(libc_a-mlock.o)
 .ARM.attributes
                0x00000383       0x2c D:/UniversityofColoradoBoulder/Sem1/Embedded/Softwares/STM32CubeIDE_1.15.1/STM32CubeIDE/plugins/com.st.stm32cube.ide.mcu.externaltools.gnu-tools-for-stm32.12.3.rel1.win32_1.0.100.202403111256/tools/bin/../lib/gcc/arm-none-eabi/12.3.1/../../../../arm-none-eabi/lib/thumb/v6-m/nofp\libc_nano.a(libc_a-findfp.o)
 .ARM.attributes
                0x000003af       0x2c D:/UniversityofColoradoBoulder/Sem1/Embedded/Softwares/STM32CubeIDE_1.15.1/STM32CubeIDE/plugins/com.st.stm32cube.ide.mcu.externaltools.gnu-tools-for-stm32.12.3.rel1.win32_1.0.100.202403111256/tools/bin/../lib/gcc/arm-none-eabi/12.3.1/../../../../arm-none-eabi/lib/thumb/v6-m/nofp\libc_nano.a(libc_a-fwalk.o)
 .ARM.attributes
                0x000003db       0x2c D:/UniversityofColoradoBoulder/Sem1/Embedded/Softwares/STM32CubeIDE_1.15.1/STM32CubeIDE/plugins/com.st.stm32cube.ide.mcu.externaltools.gnu-tools-for-stm32.12.3.rel1.win32_1.0.100.202403111256/tools/bin/../lib/gcc/arm-none-eabi/12.3.1/../../../../arm-none-eabi/lib/thumb/v6-m/nofp\libc_nano.a(libc_a-printf.o)
 .ARM.attributes
                0x00000407       0x2c D:/UniversityofColoradoBoulder/Sem1/Embedded/Softwares/STM32CubeIDE_1.15.1/STM32CubeIDE/plugins/com.st.stm32cube.ide.mcu.externaltools.gnu-tools-for-stm32.12.3.rel1.win32_1.0.100.202403111256/tools/bin/../lib/gcc/arm-none-eabi/12.3.1/../../../../arm-none-eabi/lib/thumb/v6-m/nofp\libc_nano.a(libc_a-puts.o)
 .ARM.attributes
                0x00000433       0x2c D:/UniversityofColoradoBoulder/Sem1/Embedded/Softwares/STM32CubeIDE_1.15.1/STM32CubeIDE/plugins/com.st.stm32cube.ide.mcu.externaltools.gnu-tools-for-stm32.12.3.rel1.win32_1.0.100.202403111256/tools/bin/../lib/gcc/arm-none-eabi/12.3.1/../../../../arm-none-eabi/lib/thumb/v6-m/nofp\libc_nano.a(libc_a-setvbuf.o)
 .ARM.attributes
                0x0000045f       0x2c D:/UniversityofColoradoBoulder/Sem1/Embedded/Softwares/STM32CubeIDE_1.15.1/STM32CubeIDE/plugins/com.st.stm32cube.ide.mcu.externaltools.gnu-tools-for-stm32.12.3.rel1.win32_1.0.100.202403111256/tools/bin/../lib/gcc/arm-none-eabi/12.3.1/../../../../arm-none-eabi/lib/thumb/v6-m/nofp\libc_nano.a(libc_a-snprintf.o)
 .ARM.attributes
                0x0000048b       0x2c D:/UniversityofColoradoBoulder/Sem1/Embedded/Softwares/STM32CubeIDE_1.15.1/STM32CubeIDE/plugins/com.st.stm32cube.ide.mcu.externaltools.gnu-tools-for-stm32.12.3.rel1.win32_1.0.100.202403111256/tools/bin/../lib/gcc/arm-none-eabi/12.3.1/../../../../arm-none-eabi/lib/thumb/v6-m/nofp\libc_nano.a(libc_a-stdio.o)
 .ARM.attributes
                0x000004b7       0x2c D:/UniversityofColoradoBoulder/Sem1/Embedded/Softwares/STM32CubeIDE_1.15.1/STM32CubeIDE/plugins/com.st.stm32cube.ide.mcu.externaltools.gnu-tools-for-stm32.12.3.rel1.win32_1.0.100.202403111256/tools/bin/../lib/gcc/arm-none-eabi/12.3.1/../../../../arm-none-eabi/lib/thumb/v6-m/nofp\libc_nano.a(libc_a-wbuf.o)
 .ARM.attributes
                0x000004e3       0x2c D:/UniversityofColoradoBoulder/Sem1/Embedded/Softwares/STM32CubeIDE_1.15.1/STM32CubeIDE/plugins/com.st.stm32cube.ide.mcu.externaltools.gnu-tools-for-stm32.12.3.rel1.win32_1.0.100.202403111256/tools/bin/../lib/gcc/arm-none-eabi/12.3.1/../../../../arm-none-eabi/lib/thumb/v6-m/nofp\libc_nano.a(libc_a-wsetup.o)
 .ARM.attributes
                0x0000050f       0x2c D:/UniversityofColoradoBoulder/Sem1/Embedded/Softwares/STM32CubeIDE_1.15.1/STM32CubeIDE/plugins/com.st.stm32cube.ide.mcu.externaltools.gnu-tools-for-stm32.12.3.rel1.win32_1.0.100.202403111256/tools/bin/../lib/gcc/arm-none-eabi/12.3.1/../../../../arm-none-eabi/lib/thumb/v6-m/nofp\libc_nano.a(libc_a-memmove.o)
 .ARM.attributes
                0x0000053b       0x2c D:/UniversityofColoradoBoulder/Sem1/Embedded/Softwares/STM32CubeIDE_1.15.1/STM32CubeIDE/plugins/com.st.stm32cube.ide.mcu.externaltools.gnu-tools-for-stm32.12.3.rel1.win32_1.0.100.202403111256/tools/bin/../lib/gcc/arm-none-eabi/12.3.1/../../../../arm-none-eabi/lib/thumb/v6-m/nofp\libc_nano.a(libc_a-memset.o)
 .ARM.attributes
                0x00000567       0x2c D:/UniversityofColoradoBoulder/Sem1/Embedded/Softwares/STM32CubeIDE_1.15.1/STM32CubeIDE/plugins/com.st.stm32cube.ide.mcu.externaltools.gnu-tools-for-stm32.12.3.rel1.win32_1.0.100.202403111256/tools/bin/../lib/gcc/arm-none-eabi/12.3.1/../../../../arm-none-eabi/lib/thumb/v6-m/nofp\libc_nano.a(libc_a-closer.o)
 .ARM.attributes
                0x00000593       0x2c D:/UniversityofColoradoBoulder/Sem1/Embedded/Softwares/STM32CubeIDE_1.15.1/STM32CubeIDE/plugins/com.st.stm32cube.ide.mcu.externaltools.gnu-tools-for-stm32.12.3.rel1.win32_1.0.100.202403111256/tools/bin/../lib/gcc/arm-none-eabi/12.3.1/../../../../arm-none-eabi/lib/thumb/v6-m/nofp\libc_nano.a(libc_a-reent.o)
 .ARM.attributes
                0x000005bf       0x2c D:/UniversityofColoradoBoulder/Sem1/Embedded/Softwares/STM32CubeIDE_1.15.1/STM32CubeIDE/plugins/com.st.stm32cube.ide.mcu.externaltools.gnu-tools-for-stm32.12.3.rel1.win32_1.0.100.202403111256/tools/bin/../lib/gcc/arm-none-eabi/12.3.1/../../../../arm-none-eabi/lib/thumb/v6-m/nofp\libc_nano.a(libc_a-impure.o)
 .ARM.attributes
                0x000005eb       0x2c D:/UniversityofColoradoBoulder/Sem1/Embedded/Softwares/STM32CubeIDE_1.15.1/STM32CubeIDE/plugins/com.st.stm32cube.ide.mcu.externaltools.gnu-tools-for-stm32.12.3.rel1.win32_1.0.100.202403111256/tools/bin/../lib/gcc/arm-none-eabi/12.3.1/../../../../arm-none-eabi/lib/thumb/v6-m/nofp\libc_nano.a(libc_a-lseekr.o)
 .ARM.attributes
                0x00000617       0x2c D:/UniversityofColoradoBoulder/Sem1/Embedded/Softwares/STM32CubeIDE_1.15.1/STM32CubeIDE/plugins/com.st.stm32cube.ide.mcu.externaltools.gnu-tools-for-stm32.12.3.rel1.win32_1.0.100.202403111256/tools/bin/../lib/gcc/arm-none-eabi/12.3.1/../../../../arm-none-eabi/lib/thumb/v6-m/nofp\libc_nano.a(libc_a-readr.o)
 .ARM.attributes
                0x00000643       0x2c D:/UniversityofColoradoBoulder/Sem1/Embedded/Softwares/STM32CubeIDE_1.15.1/STM32CubeIDE/plugins/com.st.stm32cube.ide.mcu.externaltools.gnu-tools-for-stm32.12.3.rel1.win32_1.0.100.202403111256/tools/bin/../lib/gcc/arm-none-eabi/12.3.1/../../../../arm-none-eabi/lib/thumb/v6-m/nofp\libc_nano.a(libc_a-sbrkr.o)
 .ARM.attributes
                0x0000066f       0x2c D:/UniversityofColoradoBoulder/Sem1/Embedded/Softwares/STM32CubeIDE_1.15.1/STM32CubeIDE/plugins/com.st.stm32cube.ide.mcu.externaltools.gnu-tools-for-stm32.12.3.rel1.win32_1.0.100.202403111256/tools/bin/../lib/gcc/arm-none-eabi/12.3.1/../../../../arm-none-eabi/lib/thumb/v6-m/nofp\libc_nano.a(libc_a-writer.o)
 .ARM.attributes
                0x0000069b       0x2c D:/UniversityofColoradoBoulder/Sem1/Embedded/Softwares/STM32CubeIDE_1.15.1/STM32CubeIDE/plugins/com.st.stm32cube.ide.mcu.externaltools.gnu-tools-for-stm32.12.3.rel1.win32_1.0.100.202403111256/tools/bin/../lib/gcc/arm-none-eabi/12.3.1/../../../../arm-none-eabi/lib/thumb/v6-m/nofp\libc_nano.a(libc_a-errno.o)
 .ARM.attributes
                0x000006c7       0x2c D:/UniversityofColoradoBoulder/Sem1/Embedded/Softwares/STM32CubeIDE_1.15.1/STM32CubeIDE/plugins/com.st.stm32cube.ide.mcu.externaltools.gnu-tools-for-stm32.12.3.rel1.win32_1.0.100.202403111256/tools/bin/../lib/gcc/arm-none-eabi/12.3.1/../../../../arm-none-eabi/lib/thumb/v6-m/nofp\libc_nano.a(libc_a-init.o)
 .ARM.attributes
                0x000006f3       0x2c D:/UniversityofColoradoBoulder/Sem1/Embedded/Softwares/STM32CubeIDE_1.15.1/STM32CubeIDE/plugins/com.st.stm32cube.ide.mcu.externaltools.gnu-tools-for-stm32.12.3.rel1.win32_1.0.100.202403111256/tools/bin/../lib/gcc/arm-none-eabi/12.3.1/../../../../arm-none-eabi/lib/thumb/v6-m/nofp\libc_nano.a(libc_a-lock.o)
 .ARM.attributes
                0x0000071f       0x2c D:/UniversityofColoradoBoulder/Sem1/Embedded/Softwares/STM32CubeIDE_1.15.1/STM32CubeIDE/plugins/com.st.stm32cube.ide.mcu.externaltools.gnu-tools-for-stm32.12.3.rel1.win32_1.0.100.202403111256/tools/bin/../lib/gcc/arm-none-eabi/12.3.1/../../../../arm-none-eabi/lib/thumb/v6-m/nofp\libc_nano.a(libc_a-memcpy-stub.o)
 .ARM.attributes
                0x0000074b       0x1c D:/UniversityofColoradoBoulder/Sem1/Embedded/Softwares/STM32CubeIDE_1.15.1/STM32CubeIDE/plugins/com.st.stm32cube.ide.mcu.externaltools.gnu-tools-for-stm32.12.3.rel1.win32_1.0.100.202403111256/tools/bin/../lib/gcc/arm-none-eabi/12.3.1/../../../../arm-none-eabi/lib/thumb/v6-m/nofp\libc_nano.a(libc_a-strlen.o)
 .ARM.attributes
                0x00000767       0x2c D:/UniversityofColoradoBoulder/Sem1/Embedded/Softwares/STM32CubeIDE_1.15.1/STM32CubeIDE/plugins/com.st.stm32cube.ide.mcu.externaltools.gnu-tools-for-stm32.12.3.rel1.win32_1.0.100.202403111256/tools/bin/../lib/gcc/arm-none-eabi/12.3.1/../../../../arm-none-eabi/lib/thumb/v6-m/nofp\libc_nano.a(libc_a-freer.o)
 .ARM.attributes
                0x00000793       0x2c D:/UniversityofColoradoBoulder/Sem1/Embedded/Softwares/STM32CubeIDE_1.15.1/STM32CubeIDE/plugins/com.st.stm32cube.ide.mcu.externaltools.gnu-tools-for-stm32.12.3.rel1.win32_1.0.100.202403111256/tools/bin/../lib/gcc/arm-none-eabi/12.3.1/../../../../arm-none-eabi/lib/thumb/v6-m/nofp\libc_nano.a(libc_a-nano-svfprintf.o)
 .ARM.attributes
                0x000007bf       0x2c D:/UniversityofColoradoBoulder/Sem1/Embedded/Softwares/STM32CubeIDE_1.15.1/STM32CubeIDE/plugins/com.st.stm32cube.ide.mcu.externaltools.gnu-tools-for-stm32.12.3.rel1.win32_1.0.100.202403111256/tools/bin/../lib/gcc/arm-none-eabi/12.3.1/../../../../arm-none-eabi/lib/thumb/v6-m/nofp\libc_nano.a(libc_a-nano-vfprintf.o)
 .ARM.attributes
                0x000007eb       0x2c D:/UniversityofColoradoBoulder/Sem1/Embedded/Softwares/STM32CubeIDE_1.15.1/STM32CubeIDE/plugins/com.st.stm32cube.ide.mcu.externaltools.gnu-tools-for-stm32.12.3.rel1.win32_1.0.100.202403111256/tools/bin/../lib/gcc/arm-none-eabi/12.3.1/../../../../arm-none-eabi/lib/thumb/v6-m/nofp\libc_nano.a(libc_a-nano-vfprintf_i.o)
 .ARM.attributes
                0x00000817       0x2c D:/UniversityofColoradoBoulder/Sem1/Embedded/Softwares/STM32CubeIDE_1.15.1/STM32CubeIDE/plugins/com.st.stm32cube.ide.mcu.externaltools.gnu-tools-for-stm32.12.3.rel1.win32_1.0.100.202403111256/tools/bin/../lib/gcc/arm-none-eabi/12.3.1/../../../../arm-none-eabi/lib/thumb/v6-m/nofp\libc_nano.a(libc_a-fflush.o)
 .ARM.attributes
                0x00000843       0x2c D:/UniversityofColoradoBoulder/Sem1/Embedded/Softwares/STM32CubeIDE_1.15.1/STM32CubeIDE/plugins/com.st.stm32cube.ide.mcu.externaltools.gnu-tools-for-stm32.12.3.rel1.win32_1.0.100.202403111256/tools/bin/../lib/gcc/arm-none-eabi/12.3.1/../../../../arm-none-eabi/lib/thumb/v6-m/nofp\libc_nano.a(libc_a-makebuf.o)
 .ARM.attributes
                0x0000086f       0x2c D:/UniversityofColoradoBoulder/Sem1/Embedded/Softwares/STM32CubeIDE_1.15.1/STM32CubeIDE/plugins/com.st.stm32cube.ide.mcu.externaltools.gnu-tools-for-stm32.12.3.rel1.win32_1.0.100.202403111256/tools/bin/../lib/gcc/arm-none-eabi/12.3.1/../../../../arm-none-eabi/lib/thumb/v6-m/nofp\libc_nano.a(libc_a-fstatr.o)
 .ARM.attributes
                0x0000089b       0x2c D:/UniversityofColoradoBoulder/Sem1/Embedded/Softwares/STM32CubeIDE_1.15.1/STM32CubeIDE/plugins/com.st.stm32cube.ide.mcu.externaltools.gnu-tools-for-stm32.12.3.rel1.win32_1.0.100.202403111256/tools/bin/../lib/gcc/arm-none-eabi/12.3.1/../../../../arm-none-eabi/lib/thumb/v6-m/nofp\libc_nano.a(libc_a-isattyr.o)
 .ARM.attributes
                0x000008c7       0x2c D:/UniversityofColoradoBoulder/Sem1/Embedded/Softwares/STM32CubeIDE_1.15.1/STM32CubeIDE/plugins/com.st.stm32cube.ide.mcu.externaltools.gnu-tools-for-stm32.12.3.rel1.win32_1.0.100.202403111256/tools/bin/../lib/gcc/arm-none-eabi/12.3.1/../../../../arm-none-eabi/lib/thumb/v6-m/nofp\libc_nano.a(libc_a-memchr-stub.o)
 .ARM.attributes
                0x000008f3       0x2c D:/UniversityofColoradoBoulder/Sem1/Embedded/Softwares/STM32CubeIDE_1.15.1/STM32CubeIDE/plugins/com.st.stm32cube.ide.mcu.externaltools.gnu-tools-for-stm32.12.3.rel1.win32_1.0.100.202403111256/tools/bin/../lib/gcc/arm-none-eabi/12.3.1/../../../../arm-none-eabi/lib/thumb/v6-m/nofp\libc_nano.a(libc_a-reallocr.o)
 .ARM.attributes
                0x0000091f       0x2c D:/UniversityofColoradoBoulder/Sem1/Embedded/Softwares/STM32CubeIDE_1.15.1/STM32CubeIDE/plugins/com.st.stm32cube.ide.mcu.externaltools.gnu-tools-for-stm32.12.3.rel1.win32_1.0.100.202403111256/tools/bin/../lib/gcc/arm-none-eabi/12.3.1/../../../../arm-none-eabi/lib/thumb/v6-m/nofp\libc_nano.a(libc_a-msizer.o)
 .ARM.attributes
                0x0000094b       0x1e D:/UniversityofColoradoBoulder/Sem1/Embedded/Softwares/STM32CubeIDE_1.15.1/STM32CubeIDE/plugins/com.st.stm32cube.ide.mcu.externaltools.gnu-tools-for-stm32.12.3.rel1.win32_1.0.100.202403111256/tools/bin/../lib/gcc/arm-none-eabi/12.3.1/thumb/v6-m/nofp\libgcc.a(_thumb1_case_shi.o)
 .ARM.attributes
                0x00000969       0x1e D:/UniversityofColoradoBoulder/Sem1/Embedded/Softwares/STM32CubeIDE_1.15.1/STM32CubeIDE/plugins/com.st.stm32cube.ide.mcu.externaltools.gnu-tools-for-stm32.12.3.rel1.win32_1.0.100.202403111256/tools/bin/../lib/gcc/arm-none-eabi/12.3.1/thumb/v6-m/nofp\libgcc.a(_udivsi3.o)
 .ARM.attributes
                0x00000987       0x1e D:/UniversityofColoradoBoulder/Sem1/Embedded/Softwares/STM32CubeIDE_1.15.1/STM32CubeIDE/plugins/com.st.stm32cube.ide.mcu.externaltools.gnu-tools-for-stm32.12.3.rel1.win32_1.0.100.202403111256/tools/bin/../lib/gcc/arm-none-eabi/12.3.1/thumb/v6-m/nofp\libgcc.a(_dvmd_tls.o)
 .ARM.attributes
                0x000009a5       0x1e D:/UniversityofColoradoBoulder/Sem1/Embedded/Softwares/STM32CubeIDE_1.15.1/STM32CubeIDE/plugins/com.st.stm32cube.ide.mcu.externaltools.gnu-tools-for-stm32.12.3.rel1.win32_1.0.100.202403111256/tools/bin/../lib/gcc/arm-none-eabi/12.3.1/thumb/v6-m/nofp/crtn.o
OUTPUT(Assignment6_SerialIO_Answer.elf elf32-littlearm)
LOAD linker stubs
LOAD D:/UniversityofColoradoBoulder/Sem1/Embedded/Softwares/STM32CubeIDE_1.15.1/STM32CubeIDE/plugins/com.st.stm32cube.ide.mcu.externaltools.gnu-tools-for-stm32.12.3.rel1.win32_1.0.100.202403111256/tools/bin/../lib/gcc/arm-none-eabi/12.3.1/../../../../arm-none-eabi/lib/thumb/v6-m/nofp\libc.a
LOAD D:/UniversityofColoradoBoulder/Sem1/Embedded/Softwares/STM32CubeIDE_1.15.1/STM32CubeIDE/plugins/com.st.stm32cube.ide.mcu.externaltools.gnu-tools-for-stm32.12.3.rel1.win32_1.0.100.202403111256/tools/bin/../lib/gcc/arm-none-eabi/12.3.1/../../../../arm-none-eabi/lib/thumb/v6-m/nofp\libm.a
LOAD D:/UniversityofColoradoBoulder/Sem1/Embedded/Softwares/STM32CubeIDE_1.15.1/STM32CubeIDE/plugins/com.st.stm32cube.ide.mcu.externaltools.gnu-tools-for-stm32.12.3.rel1.win32_1.0.100.202403111256/tools/bin/../lib/gcc/arm-none-eabi/12.3.1/thumb/v6-m/nofp\libgcc.a

.debug_info     0x00000000     0x4696
 .debug_info    0x00000000      0x392 ./Src/arp.o
 .debug_info    0x00000392      0x29d ./Src/cbfifo.o
 .debug_info    0x0000062f      0x5ea ./Src/enc.o
 .debug_info    0x00000c19      0x2b1 ./Src/global.o
 .debug_info    0x00000eca      0xd57 ./Src/init_functions.o
 .debug_info    0x00001c21      0x22c ./Src/main.o
 .debug_info    0x00001e4d      0x6b2 ./Src/obstacle.o
 .debug_info    0x000024ff      0x2fe ./Src/spi.o
 .debug_info    0x000027fd      0x6a3 ./Src/syscalls.o
 .debug_info    0x00002ea0      0x168 ./Src/sysmem.o
 .debug_info    0x00003008      0x57d ./Src/tcp.o
 .debug_info    0x00003585      0x96f ./Src/trial_webserve.o
 .debug_info    0x00003ef4      0x32b ./Src/uart_functions.o
 .debug_info    0x0000421f       0x30 ./Startup/startup_stm32f091rctx.o
 .debug_info    0x0000424f      0x1f4 ../Lib\libstm_startup.a(clock.o)
 .debug_info    0x00004443      0x253 ../Lib\libstm_startup.a(system_stm32f0xx.o)

.debug_abbrev   0x00000000     0x1664
 .debug_abbrev  0x00000000      0x17d ./Src/arp.o
 .debug_abbrev  0x0000017d      0x10a ./Src/cbfifo.o
 .debug_abbrev  0x00000287      0x206 ./Src/enc.o
 .debug_abbrev  0x0000048d      0x162 ./Src/global.o
 .debug_abbrev  0x000005ef      0x247 ./Src/init_functions.o
 .debug_abbrev  0x00000836      0x107 ./Src/main.o
 .debug_abbrev  0x0000093d      0x1ab ./Src/obstacle.o
 .debug_abbrev  0x00000ae8      0x135 ./Src/spi.o
 .debug_abbrev  0x00000c1d      0x1b6 ./Src/syscalls.o
 .debug_abbrev  0x00000dd3       0xbc ./Src/sysmem.o
 .debug_abbrev  0x00000e8f      0x190 ./Src/tcp.o
 .debug_abbrev  0x0000101f      0x298 ./Src/trial_webserve.o
 .debug_abbrev  0x000012b7      0x1b5 ./Src/uart_functions.o
 .debug_abbrev  0x0000146c       0x24 ./Startup/startup_stm32f091rctx.o
 .debug_abbrev  0x00001490       0xa5 ../Lib\libstm_startup.a(clock.o)
 .debug_abbrev  0x00001535      0x12f ../Lib\libstm_startup.a(system_stm32f0xx.o)

.debug_aranges  0x00000000      0x478
 .debug_aranges
                0x00000000       0x50 ./Src/arp.o
 .debug_aranges
                0x00000050       0x48 ./Src/cbfifo.o
 .debug_aranges
                0x00000098       0x90 ./Src/enc.o
 .debug_aranges
                0x00000128       0x28 ./Src/global.o
 .debug_aranges
                0x00000150       0x40 ./Src/init_functions.o
 .debug_aranges
                0x00000190       0x20 ./Src/main.o
 .debug_aranges
                0x000001b0       0x40 ./Src/obstacle.o
 .debug_aranges
                0x000001f0       0x30 ./Src/spi.o
 .debug_aranges
                0x00000220       0xa8 ./Src/syscalls.o
 .debug_aranges
                0x000002c8       0x20 ./Src/sysmem.o
 .debug_aranges
                0x000002e8       0x48 ./Src/tcp.o
 .debug_aranges
                0x00000330       0x88 ./Src/trial_webserve.o
 .debug_aranges
                0x000003b8       0x48 ./Src/uart_functions.o
 .debug_aranges
                0x00000400       0x28 ./Startup/startup_stm32f091rctx.o
 .debug_aranges
                0x00000428       0x28 ../Lib\libstm_startup.a(clock.o)
 .debug_aranges
                0x00000450       0x28 ../Lib\libstm_startup.a(system_stm32f0xx.o)

.debug_rnglists
                0x00000000      0x34e
 .debug_rnglists
                0x00000000       0x38 ./Src/arp.o
 .debug_rnglists
                0x00000038       0x33 ./Src/cbfifo.o
 .debug_rnglists
                0x0000006b       0x6e ./Src/enc.o
 .debug_rnglists
                0x000000d9       0x29 ./Src/global.o
 .debug_rnglists
                0x00000102       0x2d ./Src/init_functions.o
 .debug_rnglists
                0x0000012f       0x13 ./Src/main.o
 .debug_rnglists
                0x00000142       0x2d ./Src/obstacle.o
 .debug_rnglists
                0x0000016f       0x22 ./Src/spi.o
 .debug_rnglists
                0x00000191       0x79 ./Src/syscalls.o
 .debug_rnglists
                0x0000020a       0x13 ./Src/sysmem.o
 .debug_rnglists
                0x0000021d       0x37 ./Src/tcp.o
 .debug_rnglists
                0x00000254       0x7b ./Src/trial_webserve.o
 .debug_rnglists
                0x000002cf       0x31 ./Src/uart_functions.o
 .debug_rnglists
                0x00000300       0x19 ./Startup/startup_stm32f091rctx.o
 .debug_rnglists
                0x00000319       0x1a ../Lib\libstm_startup.a(clock.o)
 .debug_rnglists
                0x00000333       0x1b ../Lib\libstm_startup.a(system_stm32f0xx.o)

.debug_macro    0x00000000     0x330d
 .debug_macro   0x00000000      0x2b1 ./Src/arp.o
 .debug_macro   0x000002b1      0x143 ./Src/cbfifo.o
 .debug_macro   0x000003f4      0x11c ./Src/cbfifo.o
 .debug_macro   0x00000510       0x94 ./Src/cbfifo.o
 .debug_macro   0x000005a4       0x10 ./Src/cbfifo.o
 .debug_macro   0x000005b4      0x2b1 ./Src/enc.o
 .debug_macro   0x00000865      0x2ab ./Src/global.o
 .debug_macro   0x00000b10      0x2d4 ./Src/init_functions.o
 .debug_macro   0x00000de4       0x3a ./Src/init_functions.o
 .debug_macro   0x00000e1e      0x2dd ./Src/main.o
 .debug_macro   0x000010fb       0x40 ./Src/main.o
 .debug_macro   0x0000113b       0x10 ./Src/main.o
 .debug_macro   0x0000114b      0x2c5 ./Src/obstacle.o
 .debug_macro   0x00001410      0x2b7 ./Src/spi.o
 .debug_macro   0x000016c7      0x274 ./Src/syscalls.o
 .debug_macro   0x0000193b       0x5b ./Src/syscalls.o
 .debug_macro   0x00001996       0x94 ./Src/syscalls.o
 .debug_macro   0x00001a2a       0x57 ./Src/syscalls.o
 .debug_macro   0x00001a81       0x10 ./Src/syscalls.o
 .debug_macro   0x00001a91       0x10 ./Src/syscalls.o
 .debug_macro   0x00001aa1       0x10 ./Src/syscalls.o
 .debug_macro   0x00001ab1       0x10 ./Src/syscalls.o
 .debug_macro   0x00001ac1       0x1c ./Src/syscalls.o
 .debug_macro   0x00001add       0x52 ./Src/syscalls.o
 .debug_macro   0x00001b2f       0x22 ./Src/syscalls.o
 .debug_macro   0x00001b51       0x10 ./Src/syscalls.o
 .debug_macro   0x00001b61       0x52 ./Src/syscalls.o
 .debug_macro   0x00001bb3       0xcf ./Src/syscalls.o
 .debug_macro   0x00001c82       0x1c ./Src/syscalls.o
 .debug_macro   0x00001c9e       0x3d ./Src/syscalls.o
 .debug_macro   0x00001cdb       0x35 ./Src/syscalls.o
 .debug_macro   0x00001d10      0x12c ./Src/syscalls.o
 .debug_macro   0x00001e3c       0x10 ./Src/syscalls.o
 .debug_macro   0x00001e4c      0x242 ./Src/syscalls.o
 .debug_macro   0x0000208e       0x10 ./Src/syscalls.o
 .debug_macro   0x0000209e      0x18a ./Src/syscalls.o
 .debug_macro   0x00002228       0x16 ./Src/syscalls.o
 .debug_macro   0x0000223e       0xce ./Src/syscalls.o
 .debug_macro   0x0000230c       0xff ./Src/sysmem.o
 .debug_macro   0x0000240b      0x23c ./Src/sysmem.o
 .debug_macro   0x00002647      0x2c9 ./Src/tcp.o
 .debug_macro   0x00002910       0x1c ./Src/tcp.o
 .debug_macro   0x0000292c      0x3e1 ./Src/trial_webserve.o
 .debug_macro   0x00002d0d      0x2b7 ./Src/uart_functions.o
 .debug_macro   0x00002fc4      0x18c ../Lib\libstm_startup.a(clock.o)
 .debug_macro   0x00003150      0x1bd ../Lib\libstm_startup.a(system_stm32f0xx.o)

.debug_line     0x00000000     0x850d
 .debug_line    0x00000000      0x943 ./Src/arp.o
 .debug_line    0x00000943      0x7a8 ./Src/cbfifo.o
 .debug_line    0x000010eb      0xb17 ./Src/enc.o
 .debug_line    0x00001c02      0x7bd ./Src/global.o
 .debug_line    0x000023bf      0x89a ./Src/init_functions.o
 .debug_line    0x00002c59      0x78b ./Src/main.o
 .debug_line    0x000033e4      0x89f ./Src/obstacle.o
 .debug_line    0x00003c83      0x85d ./Src/spi.o
 .debug_line    0x000044e0      0x90b ./Src/syscalls.o
 .debug_line    0x00004deb      0x5dc ./Src/sysmem.o
 .debug_line    0x000053c7      0xa8e ./Src/tcp.o
 .debug_line    0x00005e55     0x1001 ./Src/trial_webserve.o
 .debug_line    0x00006e56      0x843 ./Src/uart_functions.o
 .debug_line    0x00007699       0x7c ./Startup/startup_stm32f091rctx.o
 .debug_line    0x00007715      0x700 ../Lib\libstm_startup.a(clock.o)
 .debug_line    0x00007e15      0x6f8 ../Lib\libstm_startup.a(system_stm32f0xx.o)

.debug_str      0x00000000    0x6a20a
 .debug_str     0x00000000    0x66de7 ./Src/arp.o
                              0x6702f (size before relaxing)
 .debug_str     0x00066de7       0x88 ./Src/cbfifo.o
                               0x7291 (size before relaxing)
 .debug_str     0x00066e6f      0x17a ./Src/enc.o
                              0x6709e (size before relaxing)
 .debug_str     0x00066fe9       0x80 ./Src/global.o
                              0x66f87 (size before relaxing)
 .debug_str     0x00067069      0x6dc ./Src/init_functions.o
                              0x6770f (size before relaxing)
 .debug_str     0x00067745       0x89 ./Src/main.o
                              0x670c0 (size before relaxing)
 .debug_str     0x000677ce       0x8c ./Src/obstacle.o
                              0x6728d (size before relaxing)
 .debug_str     0x0006785a       0x1b ./Src/spi.o
                              0x66f75 (size before relaxing)
 .debug_str     0x00067875     0x1fae ./Src/syscalls.o
                               0x981d (size before relaxing)
 .debug_str     0x00069823       0x66 ./Src/sysmem.o
                               0x6035 (size before relaxing)
 .debug_str     0x00069889      0x18a ./Src/tcp.o
                              0x6715e (size before relaxing)
 .debug_str     0x00069a13      0x57e ./Src/trial_webserve.o
                              0x6753f (size before relaxing)
 .debug_str     0x00069f91       0x76 ./Src/uart_functions.o
                              0x66fe4 (size before relaxing)
 .debug_str     0x0006a007       0x3f ./Startup/startup_stm32f091rctx.o
                                 0xcf (size before relaxing)
 .debug_str     0x0006a046       0xd3 ../Lib\libstm_startup.a(clock.o)
                              0x65cbb (size before relaxing)
 .debug_str     0x0006a119       0xf1 ../Lib\libstm_startup.a(system_stm32f0xx.o)
                              0x662d3 (size before relaxing)

.comment        0x00000000       0x43
 .comment       0x00000000       0x43 ./Src/arp.o
                                 0x44 (size before relaxing)
 .comment       0x00000043       0x44 ./Src/cbfifo.o
 .comment       0x00000043       0x44 ./Src/enc.o
 .comment       0x00000043       0x44 ./Src/global.o
 .comment       0x00000043       0x44 ./Src/init_functions.o
 .comment       0x00000043       0x44 ./Src/main.o
 .comment       0x00000043       0x44 ./Src/obstacle.o
 .comment       0x00000043       0x44 ./Src/spi.o
 .comment       0x00000043       0x44 ./Src/syscalls.o
 .comment       0x00000043       0x44 ./Src/sysmem.o
 .comment       0x00000043       0x44 ./Src/tcp.o
 .comment       0x00000043       0x44 ./Src/trial_webserve.o
 .comment       0x00000043       0x44 ./Src/uart_functions.o
 .comment       0x00000043       0x44 ../Lib\libstm_startup.a(clock.o)
 .comment       0x00000043       0x44 ../Lib\libstm_startup.a(system_stm32f0xx.o)

.debug_frame    0x00000000     0x1670
 .debug_frame   0x00000000       0xf8 ./Src/arp.o
 .debug_frame   0x000000f8       0xd0 ./Src/cbfifo.o
 .debug_frame   0x000001c8      0x1fc ./Src/enc.o
 .debug_frame   0x000003c4       0x4c ./Src/global.o
 .debug_frame   0x00000410       0xa4 ./Src/init_functions.o
 .debug_frame   0x000004b4       0x2c ./Src/main.o
 .debug_frame   0x000004e0       0xac ./Src/obstacle.o
 .debug_frame   0x0000058c       0x6c ./Src/spi.o
 .debug_frame   0x000005f8      0x244 ./Src/syscalls.o
 .debug_frame   0x0000083c       0x30 ./Src/sysmem.o
 .debug_frame   0x0000086c       0xd8 ./Src/tcp.o
 .debug_frame   0x00000944      0x1d4 ./Src/trial_webserve.o
 .debug_frame   0x00000b18       0xcc ./Src/uart_functions.o
 .debug_frame   0x00000be4       0x48 ../Lib\libstm_startup.a(clock.o)
 .debug_frame   0x00000c2c       0x4c ../Lib\libstm_startup.a(system_stm32f0xx.o)
 .debug_frame   0x00000c78       0x40 D:/UniversityofColoradoBoulder/Sem1/Embedded/Softwares/STM32CubeIDE_1.15.1/STM32CubeIDE/plugins/com.st.stm32cube.ide.mcu.externaltools.gnu-tools-for-stm32.12.3.rel1.win32_1.0.100.202403111256/tools/bin/../lib/gcc/arm-none-eabi/12.3.1/../../../../arm-none-eabi/lib/thumb/v6-m/nofp\libc_nano.a(libc_a-malloc.o)
 .debug_frame   0x00000cb8       0x50 D:/UniversityofColoradoBoulder/Sem1/Embedded/Softwares/STM32CubeIDE_1.15.1/STM32CubeIDE/plugins/com.st.stm32cube.ide.mcu.externaltools.gnu-tools-for-stm32.12.3.rel1.win32_1.0.100.202403111256/tools/bin/../lib/gcc/arm-none-eabi/12.3.1/../../../../arm-none-eabi/lib/thumb/v6-m/nofp\libc_nano.a(libc_a-mallocr.o)
 .debug_frame   0x00000d08       0x40 D:/UniversityofColoradoBoulder/Sem1/Embedded/Softwares/STM32CubeIDE_1.15.1/STM32CubeIDE/plugins/com.st.stm32cube.ide.mcu.externaltools.gnu-tools-for-stm32.12.3.rel1.win32_1.0.100.202403111256/tools/bin/../lib/gcc/arm-none-eabi/12.3.1/../../../../arm-none-eabi/lib/thumb/v6-m/nofp\libc_nano.a(libc_a-mlock.o)
 .debug_frame   0x00000d48      0x138 D:/UniversityofColoradoBoulder/Sem1/Embedded/Softwares/STM32CubeIDE_1.15.1/STM32CubeIDE/plugins/com.st.stm32cube.ide.mcu.externaltools.gnu-tools-for-stm32.12.3.rel1.win32_1.0.100.202403111256/tools/bin/../lib/gcc/arm-none-eabi/12.3.1/../../../../arm-none-eabi/lib/thumb/v6-m/nofp\libc_nano.a(libc_a-findfp.o)
 .debug_frame   0x00000e80       0x34 D:/UniversityofColoradoBoulder/Sem1/Embedded/Softwares/STM32CubeIDE_1.15.1/STM32CubeIDE/plugins/com.st.stm32cube.ide.mcu.externaltools.gnu-tools-for-stm32.12.3.rel1.win32_1.0.100.202403111256/tools/bin/../lib/gcc/arm-none-eabi/12.3.1/../../../../arm-none-eabi/lib/thumb/v6-m/nofp\libc_nano.a(libc_a-fwalk.o)
 .debug_frame   0x00000eb4       0x4c D:/UniversityofColoradoBoulder/Sem1/Embedded/Softwares/STM32CubeIDE_1.15.1/STM32CubeIDE/plugins/com.st.stm32cube.ide.mcu.externaltools.gnu-tools-for-stm32.12.3.rel1.win32_1.0.100.202403111256/tools/bin/../lib/gcc/arm-none-eabi/12.3.1/../../../../arm-none-eabi/lib/thumb/v6-m/nofp\libc_nano.a(libc_a-printf.o)
 .debug_frame   0x00000f00       0x44 D:/UniversityofColoradoBoulder/Sem1/Embedded/Softwares/STM32CubeIDE_1.15.1/STM32CubeIDE/plugins/com.st.stm32cube.ide.mcu.externaltools.gnu-tools-for-stm32.12.3.rel1.win32_1.0.100.202403111256/tools/bin/../lib/gcc/arm-none-eabi/12.3.1/../../../../arm-none-eabi/lib/thumb/v6-m/nofp\libc_nano.a(libc_a-puts.o)
 .debug_frame   0x00000f44       0x30 D:/UniversityofColoradoBoulder/Sem1/Embedded/Softwares/STM32CubeIDE_1.15.1/STM32CubeIDE/plugins/com.st.stm32cube.ide.mcu.externaltools.gnu-tools-for-stm32.12.3.rel1.win32_1.0.100.202403111256/tools/bin/../lib/gcc/arm-none-eabi/12.3.1/../../../../arm-none-eabi/lib/thumb/v6-m/nofp\libc_nano.a(libc_a-setvbuf.o)
 .debug_frame   0x00000f74       0x50 D:/UniversityofColoradoBoulder/Sem1/Embedded/Softwares/STM32CubeIDE_1.15.1/STM32CubeIDE/plugins/com.st.stm32cube.ide.mcu.externaltools.gnu-tools-for-stm32.12.3.rel1.win32_1.0.100.202403111256/tools/bin/../lib/gcc/arm-none-eabi/12.3.1/../../../../arm-none-eabi/lib/thumb/v6-m/nofp\libc_nano.a(libc_a-snprintf.o)
 .debug_frame   0x00000fc4       0x90 D:/UniversityofColoradoBoulder/Sem1/Embedded/Softwares/STM32CubeIDE_1.15.1/STM32CubeIDE/plugins/com.st.stm32cube.ide.mcu.externaltools.gnu-tools-for-stm32.12.3.rel1.win32_1.0.100.202403111256/tools/bin/../lib/gcc/arm-none-eabi/12.3.1/../../../../arm-none-eabi/lib/thumb/v6-m/nofp\libc_nano.a(libc_a-stdio.o)
 .debug_frame   0x00001054       0x48 D:/UniversityofColoradoBoulder/Sem1/Embedded/Softwares/STM32CubeIDE_1.15.1/STM32CubeIDE/plugins/com.st.stm32cube.ide.mcu.externaltools.gnu-tools-for-stm32.12.3.rel1.win32_1.0.100.202403111256/tools/bin/../lib/gcc/arm-none-eabi/12.3.1/../../../../arm-none-eabi/lib/thumb/v6-m/nofp\libc_nano.a(libc_a-wbuf.o)
 .debug_frame   0x0000109c       0x2c D:/UniversityofColoradoBoulder/Sem1/Embedded/Softwares/STM32CubeIDE_1.15.1/STM32CubeIDE/plugins/com.st.stm32cube.ide.mcu.externaltools.gnu-tools-for-stm32.12.3.rel1.win32_1.0.100.202403111256/tools/bin/../lib/gcc/arm-none-eabi/12.3.1/../../../../arm-none-eabi/lib/thumb/v6-m/nofp\libc_nano.a(libc_a-wsetup.o)
 .debug_frame   0x000010c8       0x28 D:/UniversityofColoradoBoulder/Sem1/Embedded/Softwares/STM32CubeIDE_1.15.1/STM32CubeIDE/plugins/com.st.stm32cube.ide.mcu.externaltools.gnu-tools-for-stm32.12.3.rel1.win32_1.0.100.202403111256/tools/bin/../lib/gcc/arm-none-eabi/12.3.1/../../../../arm-none-eabi/lib/thumb/v6-m/nofp\libc_nano.a(libc_a-memmove.o)
 .debug_frame   0x000010f0       0x20 D:/UniversityofColoradoBoulder/Sem1/Embedded/Softwares/STM32CubeIDE_1.15.1/STM32CubeIDE/plugins/com.st.stm32cube.ide.mcu.externaltools.gnu-tools-for-stm32.12.3.rel1.win32_1.0.100.202403111256/tools/bin/../lib/gcc/arm-none-eabi/12.3.1/../../../../arm-none-eabi/lib/thumb/v6-m/nofp\libc_nano.a(libc_a-memset.o)
 .debug_frame   0x00001110       0x2c D:/UniversityofColoradoBoulder/Sem1/Embedded/Softwares/STM32CubeIDE_1.15.1/STM32CubeIDE/plugins/com.st.stm32cube.ide.mcu.externaltools.gnu-tools-for-stm32.12.3.rel1.win32_1.0.100.202403111256/tools/bin/../lib/gcc/arm-none-eabi/12.3.1/../../../../arm-none-eabi/lib/thumb/v6-m/nofp\libc_nano.a(libc_a-closer.o)
 .debug_frame   0x0000113c       0x2c D:/UniversityofColoradoBoulder/Sem1/Embedded/Softwares/STM32CubeIDE_1.15.1/STM32CubeIDE/plugins/com.st.stm32cube.ide.mcu.externaltools.gnu-tools-for-stm32.12.3.rel1.win32_1.0.100.202403111256/tools/bin/../lib/gcc/arm-none-eabi/12.3.1/../../../../arm-none-eabi/lib/thumb/v6-m/nofp\libc_nano.a(libc_a-reent.o)
 .debug_frame   0x00001168       0x2c D:/UniversityofColoradoBoulder/Sem1/Embedded/Softwares/STM32CubeIDE_1.15.1/STM32CubeIDE/plugins/com.st.stm32cube.ide.mcu.externaltools.gnu-tools-for-stm32.12.3.rel1.win32_1.0.100.202403111256/tools/bin/../lib/gcc/arm-none-eabi/12.3.1/../../../../arm-none-eabi/lib/thumb/v6-m/nofp\libc_nano.a(libc_a-lseekr.o)
 .debug_frame   0x00001194       0x2c D:/UniversityofColoradoBoulder/Sem1/Embedded/Softwares/STM32CubeIDE_1.15.1/STM32CubeIDE/plugins/com.st.stm32cube.ide.mcu.externaltools.gnu-tools-for-stm32.12.3.rel1.win32_1.0.100.202403111256/tools/bin/../lib/gcc/arm-none-eabi/12.3.1/../../../../arm-none-eabi/lib/thumb/v6-m/nofp\libc_nano.a(libc_a-readr.o)
 .debug_frame   0x000011c0       0x2c D:/UniversityofColoradoBoulder/Sem1/Embedded/Softwares/STM32CubeIDE_1.15.1/STM32CubeIDE/plugins/com.st.stm32cube.ide.mcu.externaltools.gnu-tools-for-stm32.12.3.rel1.win32_1.0.100.202403111256/tools/bin/../lib/gcc/arm-none-eabi/12.3.1/../../../../arm-none-eabi/lib/thumb/v6-m/nofp\libc_nano.a(libc_a-sbrkr.o)
 .debug_frame   0x000011ec       0x2c D:/UniversityofColoradoBoulder/Sem1/Embedded/Softwares/STM32CubeIDE_1.15.1/STM32CubeIDE/plugins/com.st.stm32cube.ide.mcu.externaltools.gnu-tools-for-stm32.12.3.rel1.win32_1.0.100.202403111256/tools/bin/../lib/gcc/arm-none-eabi/12.3.1/../../../../arm-none-eabi/lib/thumb/v6-m/nofp\libc_nano.a(libc_a-writer.o)
 .debug_frame   0x00001218       0x20 D:/UniversityofColoradoBoulder/Sem1/Embedded/Softwares/STM32CubeIDE_1.15.1/STM32CubeIDE/plugins/com.st.stm32cube.ide.mcu.externaltools.gnu-tools-for-stm32.12.3.rel1.win32_1.0.100.202403111256/tools/bin/../lib/gcc/arm-none-eabi/12.3.1/../../../../arm-none-eabi/lib/thumb/v6-m/nofp\libc_nano.a(libc_a-errno.o)
 .debug_frame   0x00001238       0x2c D:/UniversityofColoradoBoulder/Sem1/Embedded/Softwares/STM32CubeIDE_1.15.1/STM32CubeIDE/plugins/com.st.stm32cube.ide.mcu.externaltools.gnu-tools-for-stm32.12.3.rel1.win32_1.0.100.202403111256/tools/bin/../lib/gcc/arm-none-eabi/12.3.1/../../../../arm-none-eabi/lib/thumb/v6-m/nofp\libc_nano.a(libc_a-init.o)
 .debug_frame   0x00001264       0xb0 D:/UniversityofColoradoBoulder/Sem1/Embedded/Softwares/STM32CubeIDE_1.15.1/STM32CubeIDE/plugins/com.st.stm32cube.ide.mcu.externaltools.gnu-tools-for-stm32.12.3.rel1.win32_1.0.100.202403111256/tools/bin/../lib/gcc/arm-none-eabi/12.3.1/../../../../arm-none-eabi/lib/thumb/v6-m/nofp\libc_nano.a(libc_a-lock.o)
 .debug_frame   0x00001314       0x28 D:/UniversityofColoradoBoulder/Sem1/Embedded/Softwares/STM32CubeIDE_1.15.1/STM32CubeIDE/plugins/com.st.stm32cube.ide.mcu.externaltools.gnu-tools-for-stm32.12.3.rel1.win32_1.0.100.202403111256/tools/bin/../lib/gcc/arm-none-eabi/12.3.1/../../../../arm-none-eabi/lib/thumb/v6-m/nofp\libc_nano.a(libc_a-memcpy-stub.o)
 .debug_frame   0x0000133c       0x2c D:/UniversityofColoradoBoulder/Sem1/Embedded/Softwares/STM32CubeIDE_1.15.1/STM32CubeIDE/plugins/com.st.stm32cube.ide.mcu.externaltools.gnu-tools-for-stm32.12.3.rel1.win32_1.0.100.202403111256/tools/bin/../lib/gcc/arm-none-eabi/12.3.1/../../../../arm-none-eabi/lib/thumb/v6-m/nofp\libc_nano.a(libc_a-freer.o)
 .debug_frame   0x00001368       0x74 D:/UniversityofColoradoBoulder/Sem1/Embedded/Softwares/STM32CubeIDE_1.15.1/STM32CubeIDE/plugins/com.st.stm32cube.ide.mcu.externaltools.gnu-tools-for-stm32.12.3.rel1.win32_1.0.100.202403111256/tools/bin/../lib/gcc/arm-none-eabi/12.3.1/../../../../arm-none-eabi/lib/thumb/v6-m/nofp\libc_nano.a(libc_a-nano-svfprintf.o)
 .debug_frame   0x000013dc       0x9c D:/UniversityofColoradoBoulder/Sem1/Embedded/Softwares/STM32CubeIDE_1.15.1/STM32CubeIDE/plugins/com.st.stm32cube.ide.mcu.externaltools.gnu-tools-for-stm32.12.3.rel1.win32_1.0.100.202403111256/tools/bin/../lib/gcc/arm-none-eabi/12.3.1/../../../../arm-none-eabi/lib/thumb/v6-m/nofp\libc_nano.a(libc_a-nano-vfprintf.o)
 .debug_frame   0x00001478       0x54 D:/UniversityofColoradoBoulder/Sem1/Embedded/Softwares/STM32CubeIDE_1.15.1/STM32CubeIDE/plugins/com.st.stm32cube.ide.mcu.externaltools.gnu-tools-for-stm32.12.3.rel1.win32_1.0.100.202403111256/tools/bin/../lib/gcc/arm-none-eabi/12.3.1/../../../../arm-none-eabi/lib/thumb/v6-m/nofp\libc_nano.a(libc_a-nano-vfprintf_i.o)
 .debug_frame   0x000014cc       0x68 D:/UniversityofColoradoBoulder/Sem1/Embedded/Softwares/STM32CubeIDE_1.15.1/STM32CubeIDE/plugins/com.st.stm32cube.ide.mcu.externaltools.gnu-tools-for-stm32.12.3.rel1.win32_1.0.100.202403111256/tools/bin/../lib/gcc/arm-none-eabi/12.3.1/../../../../arm-none-eabi/lib/thumb/v6-m/nofp\libc_nano.a(libc_a-fflush.o)