../Src/commands.c:39:6:ULED_ON	8	static
../Src/commands.c:51:6:ULED_OFF	8	static
../Src/commands.c:64:6:cmd_led	16	static
../Src/commands.c:89:6:cmd_echo	24	static
../Src/commands.c:107:6:cmd_hexdump	40	static
../Src/commands.c:160:6:cmd_spi_write	32	static
../Src/commands.c:193:6:cmd_control_spi_write	40	static
../Src/commands.c:227:6:cmd_buffer_spi_write	88	dynamic
../Src/commands.c:263:6:cmd_buffer_spi_read	48	static
../Src/commands.c:305:6:cmd_spi_read	40	static
../Src/commands.c:333:6:cmd_phy_spi_read	40	static
../Src/commands.c:354:6:cmd_phy_spi_write	32	static
../Src/commands.c:384:6:cmd_eth_spi_read	48	static
../Src/commands.c:411:6:cmd_mac_spi_read	48	static
../Src/commands.c:437:6:cmd_enc_reset	16	static
../Src/commands.c:448:6:cmd_enc_init	32	static
../Src/commands.c:473:6:cmd_arp_send	16	static
