../Src/commands.c:40:6:ULED_ON	8	static
../Src/commands.c:52:6:ULED_OFF	8	static
../Src/commands.c:65:6:cmd_led	16	static
../Src/commands.c:90:6:cmd_echo	24	static
../Src/commands.c:108:6:cmd_hexdump	40	static
../Src/commands.c:161:6:cmd_spi_write	32	static
../Src/commands.c:194:6:cmd_control_spi_write	40	static
../Src/commands.c:228:6:cmd_buffer_spi_write	88	dynamic
../Src/commands.c:264:6:cmd_buffer_spi_read	48	static
../Src/commands.c:306:6:cmd_spi_read	40	static
../Src/commands.c:334:6:cmd_phy_spi_read	40	static
../Src/commands.c:355:6:cmd_phy_spi_write	32	static
../Src/commands.c:385:6:cmd_eth_spi_read	48	static
../Src/commands.c:412:6:cmd_mac_spi_read	48	static
../Src/commands.c:438:6:cmd_enc_reset	16	static
../Src/commands.c:449:6:cmd_enc_init	32	static
../Src/commands.c:473:6:cmd_arp_send	16	static
../Src/commands.c:484:6:cmd_tcp_packet_process	24	static
