../Src/enc.c:10:6:enc_set_autoinc	24	static
../Src/enc.c:21:6:enc_select_reg_bank	32	static
../Src/enc.c:55:6:enc_control_write	24	static
../Src/enc.c:65:6:enc_buffer_init	16	static
../Src/enc.c:87:6:enc_buffer_write	40	static
../Src/enc.c:126:10:enc_buffer_read	40	static
../Src/enc.c:166:9:enc_mac_read	32	static
../Src/enc.c:188:6:enc_busy_wait	24	static
../Src/enc.c:194:10:enc_phy_read	32	static
../Src/enc.c:210:6:enc_phy_write	16	static
../Src/enc.c:217:9:enc_eth_read	32	static
../Src/enc.c:237:6:enc_reset	8	static
../Src/enc.c:248:6:enc_init	64	static
../Src/enc.c:326:6:enc_bit_set	24	static
../Src/enc.c:334:6:enc_bit_clear	24	static
