../Src/spi.c:3:6:SPI_Init	8	static
../Src/spi.c:26:6:SPI_WriteByte	32	static
../Src/spi.c:48:6:spi_set_autoinc	24	static
../Src/spi.c:59:6:select_reg_bank	32	static
../Src/spi.c:93:6:spi_control_write	24	static
../Src/spi.c:103:6:buffer_init	16	static
../Src/spi.c:130:6:tx_buffer_init	16	static
../Src/spi.c:153:6:spi_buffer_write	40	static
../Src/spi.c:191:9:SPI_ReadByte	24	static
../Src/spi.c:217:10:spi_buffer_read	40	static
../Src/spi.c:257:9:mac_spi_read	32	static
../Src/spi.c:279:6:busy_wait	24	static
../Src/spi.c:285:10:phy_spi_read	32	static
../Src/spi.c:301:6:phy_spi_write	16	static
../Src/spi.c:308:9:eth_spi_read	32	static
../Src/spi.c:328:6:enc_reset	8	static
../Src/spi.c:337:6:bit_set	24	static
../Src/spi.c:345:6:bit_clear	24	static
../Src/spi.c:353:6:enc_init	56	static
