../Src/spi.c:16:6:SPI_Init	8	static
../Src/spi.c:37:6:SPI_WriteByte	32	static
../Src/spi.c:59:6:spi_set_autoinc	8	static
../Src/spi.c:66:6:select_reg_bank	16	static
../Src/spi.c:75:6:cmd_spi_write	32	static
../Src/spi.c:107:6:spi_control_write	24	static
../Src/spi.c:117:6:cmd_control_spi_write	40	static
../Src/spi.c:149:6:buffer_init	32	static
../Src/spi.c:169:6:spi_buffer_write	40	static
../Src/spi.c:200:6:cmd_buffer_spi_write	88	dynamic
../Src/spi.c:236:9:SPI_ReadByte	24	static
../Src/spi.c:259:6:spi_buffer_read	40	static
../Src/spi.c:290:10:cmd_buffer_spi_read	48	static
../Src/spi.c:333:6:cmd_spi_read	40	static
../Src/spi.c:361:9:mac_spi_read	32	static
../Src/spi.c:383:6:busy_wait	24	static
../Src/spi.c:390:10:phy_spi_read	32	static
../Src/spi.c:408:6:cmd_phy_spi_read	40	static
../Src/spi.c:431:6:phy_spi_write	16	static
../Src/spi.c:437:6:cmd_phy_spi_write	32	static
../Src/spi.c:472:9:eth_spi_read	32	static
../Src/spi.c:494:6:cmd_eth_spi_read	48	static
../Src/spi.c:525:6:cmd_mac_spi_read	48	static
../Src/spi.c:555:6:enc_reset	8	static
../Src/spi.c:565:6:cmd_enc_reset	16	static
