../Src/spi.c:16:6:SPI_Init	8	static
../Src/spi.c:35:6:SPI_WriteByte	32	static
../Src/spi.c:54:6:spi_set_autoinc	8	static
../Src/spi.c:61:6:select_reg_bank	16	static
../Src/spi.c:70:6:cmd_spi_write	32	static
../Src/spi.c:102:6:spi_control_write	24	static
../Src/spi.c:112:6:cmd_control_spi_write	40	static
../Src/spi.c:144:6:buffer_init	32	static
../Src/spi.c:164:6:spi_buffer_write	40	static
../Src/spi.c:195:6:cmd_buffer_spi_write	88	dynamic
../Src/spi.c:231:9:SPI_ReadByte	24	static
../Src/spi.c:254:6:spi_buffer_read	40	static
../Src/spi.c:285:10:cmd_buffer_spi_read	48	static
../Src/spi.c:328:6:cmd_spi_read	40	static
../Src/spi.c:360:6:cmd_phy_spi_write	16	static
../Src/spi.c:371:9:mac_spi_read	32	static
../Src/spi.c:393:9:eth_spi_read	32	static
../Src/spi.c:415:6:cmd_eth_spi_read	48	static
../Src/spi.c:446:6:cmd_mac_spi_read	48	static
