../Src/trial_webserve.c:98:10:packetReceive	32	static
../Src/trial_webserve.c:184:6:makeArpReply	8	static
../Src/trial_webserve.c:242:6:calculateIPChecksum	32	static
../Src/trial_webserve.c:268:6:calculateTcpChecksum	32	static
../Src/trial_webserve.c:312:6:makeTcpSynAck	40	static
../Src/trial_webserve.c:374:6:makeHttpResponse	80	static
../Src/trial_webserve.c:488:6:makeTcpAck	8	static
../Src/trial_webserve.c:498:6:trial_arp_request	56	static
../Src/trial_webserve.c:520:6:refreshArp	16	static
../Src/trial_webserve.c:537:6:packetLoop	24	static
../Src/trial_webserve.c:587:10:getSystemTick	8	static
