../Src/trial_webserve.c:105:10:packetReceive	32	static
../Src/trial_webserve.c:191:6:makeArpReply	8	static
../Src/trial_webserve.c:249:6:calculateIPChecksum	32	static
../Src/trial_webserve.c:275:6:calculateTcpChecksum	32	static
../Src/trial_webserve.c:321:6:makeTcpFinPshAck	1064	static
../Src/trial_webserve.c:418:6:makeTcpAck3	40	static
../Src/trial_webserve.c:488:6:makeTcpAck2	48	static
../Src/trial_webserve.c:560:6:makeTcpSynAck	40	static
../Src/trial_webserve.c:622:6:makeHttpResponse	80	static
../Src/trial_webserve.c:736:6:makeTcpAck	8	static
../Src/trial_webserve.c:746:6:trial_arp_request	56	static
../Src/trial_webserve.c:768:6:refreshArp	16	static
../Src/trial_webserve.c:785:6:packetLoop	24	static
../Src/trial_webserve.c:855:10:getSystemTick	8	static
